[2026/07/28 14:51:40] Delete event data: ShareKey(EVENT_cailuhongbao), Param1(-1), Param2(-1), Timeout(2020-3-30)
[2026/07/28 14:51:40] Delete event data: ShareKey(EVENT_MIDAUT_2010), Param1(-1), Param2(-1), Timeout(2020-10-19)
[2026/07/28 14:51:40] Delete event data: ShareKey(EVENT_dayanqunxia), Param1(-1), Param2(-1), Timeout(2020-3-20)
[2026/07/28 14:51:40] Delete event data: ShareKey(FUNC_RANK_EQUIPVALUE), Param1(-1), Param2(-1), Timeout(2020-6-4)
[2026/07/28 14:51:41] Delete event data: ShareKey(EVENT_April_zhushuai), Param1(-1), Param2(-1), Timeout(2020-6-4)
[2026/07/28 14:51:41] Loading All Scripts....................
[2026/07/28 14:51:41] Load Rank FUNC_RANK_EQUIPVALUE
[2026/07/28 14:51:41] Load Stable Rank count 0
[2026/07/28 14:51:41] Load Dynamic Rank count 0
[2026/07/28 14:51:41] Load Rank FUNC_RANK_EQUIPVALUE end
[2026/07/28 14:51:43] 
All Scripts Have Been Loaded! Count = 88
[2026/07/28 14:51:43] root client[:0] create
[2026/07/28 14:51:45] start autotimer for Ping: 
[2026/07/28 14:51:45] gateway client create: 127.0.0.1
[2026/07/28 14:51:45] TRIP_MODE: None
[2026/07/28 14:51:45] Loading World Setting...
[2026/07/28 14:51:45] Reset map pho ban thanh cong
[2026/07/28 14:51:45] Load LeagueData: LeagueType: 4, Leagues: 7, Roles: 7
[2026/07/28 14:51:45] Load LeagueData: LeagueType: 500, Leagues: 7, Roles: 7
[2026/07/28 14:51:45] Load LeagueData: LeagueType: 502, Leagues: 19, Roles: 19
[2026/07/28 14:51:45] Load LeagueData: LeagueType: 10000, Leagues: 1, Roles: 0
[2026/07/28 14:51:45] ==========================================================================================
[2026/07/28 14:51:45]                            Khoi dong THONG BAO TIN TUC TU DONG
[2026/07/28 14:51:45] ==========================================================================================
[2026/07/28 14:51:45] ==========================================================================================
[2026/07/28 14:51:45]                 BAT DAU KHOI DONG CAC TINH NANG CUA GAME VO LAM TRUYEN KY
[2026/07/28 14:51:45] ==========================================================================================
[2026/07/28 14:51:45] ==========================================================================================
[2026/07/28 14:51:45]                            Ladder startup. . . 10.001 -> 10500
[2026/07/28 14:51:45] ==========================================================================================
[2026/07/28 14:51:45] ==========================================================================================
[2026/07/28 14:51:45]                                Khoi dong TU DONG TRO CHUYEN
[2026/07/28 14:51:45] ==========================================================================================
[2026/07/28 14:51:45] ==========================================================================================
[2026/07/28 14:51:45]                                    Phong Lang Do 15:45 
[2026/07/28 14:51:45] ==========================================================================================
[2026/07/28 14:51:45] ==========================================================================================
[2026/07/28 14:51:45]                        VUOT AI KHIEU CHIEN THOI GIAN BAT DAU 15:0
[2026/07/28 14:51:45]                       BANG XEP HANG <THACH THUC THOI GIAN> MOI NGAY
[2026/07/28 14:51:45] ==========================================================================================
[2026/07/28 14:51:45] ==========================================================================================
[2026/07/28 14:51:45]                       Chien Truong TONG KIM bat dau vao gio le 15:00
[2026/07/28 14:51:45] ==========================================================================================
[2026/07/28 14:51:45] ==========================================================================================
[2026/07/28 14:51:45]                      Khoi dong PHONG HOA LIEN THANH, bat dau luc 16:00
[2026/07/28 14:51:45] ==========================================================================================
[2026/07/28 14:51:45] Failed to init statdatamanager!
[2026/07/28 14:51:45] SockThread start success
[2026/07/28 14:51:45] S3Relay -- S3Relay- Khoi dong hoan tat! 
[2026/07/28 14:51:45] 
*
***** S3Relay Start (@ 170223872/00/43200 00:-6766072:135861597.136280271) >>>>>
*


[2026/07/28 14:51:45] ==========================================================================================
[2026/07/28 14:51:45] ====================== Xep Hang => Bat dau cap nhat 14:51 -> Start =======================
[2026/07/28 14:51:45] ==================== Xep Hang => Ket thuc cap nhat 14:51 -> Complete =====================
[2026/07/28 14:51:45] ==========================================================================================
[2026/07/28 14:51:45] Khoi dong lai bang Xep Hang
[2026/07/28 14:51:45] ==========================================================================================
[2026/07/28 14:51:45]  
[2026/07/28 14:51:45]                               VO LAM TRUYEN KY OFFLINE by MEL  
[2026/07/28 14:51:45]  
[2026/07/28 14:51:45] ==========================================================================================
[2026/07/28 14:52:01] ChatConnection create: 127.0.0.1
[2026/07/28 14:52:01] HostConnection create: 127.0.0.1
[2026/07/28 14:52:01] TongConnection create: 127.0.0.1
[2026/07/28 14:52:09] TongDataSendFinish: 127.0.0.1
[2026/07/28 14:52:09] GameServerLogin: 127.0.0.1
[2026/07/28 14:52:10] Assign Dynamic map(948,70165) for GS:0
[2026/07/28 14:52:10] GS:0 Total Dynamic map:1
[2026/07/28 14:52:10] GS:0 Total Static map:686
[2026/07/28 14:52:10] Assign Dynamic map(948,70166) for GS:0
[2026/07/28 14:52:10] GS:0 Total Dynamic map:2
[2026/07/28 14:52:10] GS:0 Total Static map:686
[2026/07/28 14:52:10] Assign Dynamic map(948,70167) for GS:0
[2026/07/28 14:52:10] GS:0 Total Dynamic map:3
[2026/07/28 14:52:10] GS:0 Total Static map:686
[2026/07/28 14:52:10] Assign Dynamic map(948,70168) for GS:0
[2026/07/28 14:52:10] GS:0 Total Dynamic map:4
[2026/07/28 14:52:10] GS:0 Total Static map:686
[2026/07/28 14:52:10] Assign Dynamic map(948,70169) for GS:0
[2026/07/28 14:52:10] GS:0 Total Dynamic map:5
[2026/07/28 14:52:10] GS:0 Total Static map:686
[2026/07/28 14:52:10] Assign Dynamic map(975,65536) for GS:0
[2026/07/28 14:52:10] GS:0 Total Dynamic map:6
[2026/07/28 14:52:10] GS:0 Total Static map:686
[2026/07/28 14:52:10] Assign Dynamic map(975,65537) for GS:0
[2026/07/28 14:52:10] GS:0 Total Dynamic map:7
[2026/07/28 14:52:10] GS:0 Total Static map:686
[2026/07/28 14:52:10] Assign Dynamic map(975,65538) for GS:0
[2026/07/28 14:52:10] GS:0 Total Dynamic map:8
[2026/07/28 14:52:10] GS:0 Total Static map:686
[2026/07/28 14:52:10] Assign Dynamic map(975,65539) for GS:0
[2026/07/28 14:52:10] GS:0 Total Dynamic map:9
[2026/07/28 14:52:10] GS:0 Total Static map:686
[2026/07/28 14:52:10] Assign Dynamic map(975,65540) for GS:0
[2026/07/28 14:52:10] GS:0 Total Dynamic map:10
[2026/07/28 14:52:10] GS:0 Total Static map:686
[2026/07/28 14:52:10] Assign Dynamic map(958,70170) for GS:0
[2026/07/28 14:52:10] GS:0 Total Dynamic map:11
[2026/07/28 14:52:10] GS:0 Total Static map:686
[2026/07/28 14:52:10] Assign Dynamic map(958,70171) for GS:0
[2026/07/28 14:52:10] GS:0 Total Dynamic map:12
[2026/07/28 14:52:10] GS:0 Total Static map:686
[2026/07/28 14:52:10] Assign Dynamic map(958,70172) for GS:0
[2026/07/28 14:52:10] GS:0 Total Dynamic map:13
[2026/07/28 14:52:10] GS:0 Total Static map:686
[2026/07/28 14:52:10] Assign Dynamic map(958,70173) for GS:0
[2026/07/28 14:52:10] GS:0 Total Dynamic map:14
[2026/07/28 14:52:10] GS:0 Total Static map:686
[2026/07/28 14:52:10] Assign Dynamic map(958,70174) for GS:0
[2026/07/28 14:52:10] GS:0 Total Dynamic map:15
[2026/07/28 14:52:10] GS:0 Total Static map:686
[2026/07/28 14:52:11] Assign Dynamic map(976,65541) for GS:0
[2026/07/28 14:52:11] GS:0 Total Dynamic map:16
[2026/07/28 14:52:11] GS:0 Total Static map:686
[2026/07/28 14:52:11] Assign Dynamic map(976,65542) for GS:0
[2026/07/28 14