[2026/07/28 15:14:27] Delete event data: ShareKey(EVENT_cailuhongbao), Param1(-1), Param2(-1), Timeout(2020-3-30)
[2026/07/28 15:14:27] Delete event data: ShareKey(EVENT_MIDAUT_2010), Param1(-1), Param2(-1), Timeout(2020-10-19)
[2026/07/28 15:14:27] Delete event data: ShareKey(EVENT_dayanqunxia), Param1(-1), Param2(-1), Timeout(2020-3-20)
[2026/07/28 15:14:27] Delete event data: ShareKey(FUNC_RANK_EQUIPVALUE), Param1(-1), Param2(-1), Timeout(2020-6-4)
[2026/07/28 15:14:27] Delete event data: ShareKey(EVENT_April_zhushuai), Param1(-1), Param2(-1), Timeout(2020-6-4)
[2026/07/28 15:14:27] Loading All Scripts....................
[2026/07/28 15:14:27] Load Rank FUNC_RANK_EQUIPVALUE
[2026/07/28 15:14:27] Load Stable Rank count 0
[2026/07/28 15:14:27] Load Dynamic Rank count 0
[2026/07/28 15:14:27] Load Rank FUNC_RANK_EQUIPVALUE end
[2026/07/28 15:14:27] 
All Scripts Have Been Loaded! Count = 88
[2026/07/28 15:14:27] root client[:0] create
[2026/07/28 15:14:29] start autotimer for Ping: 
[2026/07/28 15:14:29] TRIP_MODE: None
[2026/07/28 15:14:29] Loading World Setting...
[2026/07/28 15:14:29] Reset map pho ban thanh cong
[2026/07/28 15:14:29] gateway client create: 127.0.0.1
[2026/07/28 15:14:29] Load LeagueData: LeagueType: 4, Leagues: 7, Roles: 7
[2026/07/28 15:14:29] Load LeagueData: LeagueType: 500, Leagues: 7, Roles: 7
[2026/07/28 15:14:29] Load LeagueData: LeagueType: 502, Leagues: 19, Roles: 19
[2026/07/28 15:14:29] Load LeagueData: LeagueType: 10000, Leagues: 1, Roles: 0
[2026/07/28 15:14:29] ==========================================================================================
[2026/07/28 15:14:29]                            Khoi dong THONG BAO TIN TUC TU DONG
[2026/07/28 15:14:29] ==========================================================================================
[2026/07/28 15:14:29] ==========================================================================================
[2026/07/28 15:14:29]                 BAT DAU KHOI DONG CAC TINH NANG CUA GAME VO LAM TRUYEN KY
[2026/07/28 15:14:29] ==========================================================================================
[2026/07/28 15:14:29] ==========================================================================================
[2026/07/28 15:14:29]                            Ladder startup. . . 10.001 -> 10500
[2026/07/28 15:14:29] ==========================================================================================
[2026/07/28 15:14:29] ==========================================================================================
[2026/07/28 15:14:29]                                Khoi dong TU DONG TRO CHUYEN
[2026/07/28 15:14:29] ==========================================================================================
[2026/07/28 15:14:29] ==========================================================================================
[2026/07/28 15:14:29]                                    Phong Lang Do 15:45 
[2026/07/28 15:14:29] ==========================================================================================
[2026/07/28 15:14:29] ==========================================================================================
[2026/07/28 15:14:29]                        VUOT AI KHIEU CHIEN THOI GIAN BAT DAU 16:0
[2026/07/28 15:14:29]                       BANG XEP HANG <THACH THUC THOI GIAN> MOI NGAY
[2026/07/28 15:14:29] ==========================================================================================
[2026/07/28 15:14:29] ==========================================================================================
[2026/07/28 15:14:29]                       Chien Truong TONG KIM bat dau vao gio le 17:00
[2026/07/28 15:14:29] ==========================================================================================
[2026/07/28 15:14:29] ==========================================================================================
[2026/07/28 15:14:29]                      Khoi dong PHONG HOA LIEN THANH, bat dau luc 16:00
[2026/07/28 15:14:29] ==========================================================================================
[2026/07/28 15:14:29] Failed to init statdatamanager!
[2026/07/28 15:14:29] S3Relay -- S3Relay- Khoi dong hoan tat! 
[2026/07/28 15:14:29] 
*
***** S3Relay Start (@ 163219744/00/43200 00:-7329720:135861597.136280271) >>>>>
*


[2026/07/28 15:14:29] SockThread start success
[2026/07/28 15:14:29] ==========================================================================================
[2026/07/28 15:14:29] ====================== Xep Hang => Bat dau cap nhat 15:14 -> Start =======================
[2026/07/28 15:14:29] ==================== Xep Hang => Ket thuc cap nhat 15:14 -> Complete =====================
[2026/07/28 15:14:29] ==========================================================================================
[2026/07/28 15:14:29] Khoi dong lai bang Xep Hang
[2026/07/28 15:14:29] ==========================================================================================
[2026/07/28 15:14:29]  
[2026/07/28 15:14:29]                               VO LAM TRUYEN KY OFFLINE by MEL  
[2026/07/28 15:14:29]  
[2026/07/28 15:14:29] ==========================================================================================
[2026/07/28 15:14:36] HostConnection create: 127.0.0.1
[2026/07/28 15:14:36] ChatConnection create: 127.0.0.1
[2026/07/28 15:14:36] TongConnection create: 127.0.0.1
[2026/07/28 15:14:45] TongDataSendFinish: 127.0.0.1
[2026/07/28 15:14:45] GameServerLogin: 127.0.0.1
[2026/07/28 15:14:46] Assign Dynamic map(948,70175) for GS:0
[2026/07/28 15:14:46] GS:0 Total Dynamic map:1
[2026/07/28 15:14:46] GS:0 Total Static map:686
[2026/07/28 15:14:46] Assign Dynamic map(948,70176) for GS:0
[2026/07/28 15:14:46] GS:0 Total Dynamic map:2
[2026/07/28 15:14:46] GS:0 Total Static map:686
[2026/07/28 15:14:46] Assign Dynamic map(948,70177) for GS:0
[2026/07/28 15:14:46] GS:0 Total Dynamic map:3
[2026/07/28 15:14:46] GS:0 Total Static map:686
[2026/07/28 15:14:46] Assign Dynamic map(948,70178) for GS:0
[2026/07/28 15:14:46] GS:0 Total Dynamic map:4
[2026/07/28 15:14:46] GS:0 Total Static map:686
[2026/07/28 15:14:46] Assign Dynamic map(948,70179) for GS:0
[2026/07/28 15:14:46] GS:0 Total Dynamic map:5
[2026/07/28 15:14:46] GS:0 Total Static map:686
[2026/07/28 15:14:46] Assign Dynamic map(975,65536) for GS:0
[2026/07/28 15:14:46] GS:0 Total Dynamic map:6
[2026/07/28 15:14:46] GS:0 Total Static map:686
[2026/07/28 15:14:46] Assign Dynamic map(975,65537) for GS:0
[2026/07/28 15:14:46] GS:0 Total Dynamic map:7
[2026/07/28 15:14:46] GS:0 Total Static map:686
[2026/07/28 15:14:46] Assign Dynamic map(975,65538) for GS:0
[2026/07/28 15:14:46] GS:0 Total Dynamic map:8
[2026/07/28 15:14:46] GS:0 Total Static map:686
[2026/07/28 15:14:46] Assign Dynamic map(975,65539) for GS:0
[2026/07/28 15:14:46] GS:0 Total Dynamic map:9
[2026/07/28 15:14:46] GS:0 Total Static map:686
[2026/07/28 15:14:46] Assign Dynamic map(975,65540) for GS:0
[2026/07/28 15:14:46] GS:0 Total Dynamic map:10
[2026/07/28 15:14:46] GS:0 Total Static map:686
[2026/07/28 15:14:46] Assign Dynamic map(958,70180) for GS:0
[2026/07/28 15:14:46] GS:0 Total Dynamic map:11
[2026/07/28 15:14:46] GS:0 Total Static map:686
[2026/07/28 15:14:46] Assign Dynamic map(958,70181) for GS:0
[2026/07/28 15:14:46] GS:0 Total Dynamic map:12
[2026/07/28 15:14:46] GS:0 Total Static map:686
[2026/07/28 15:14:46] Assign Dynamic map(958,70182) for GS:0
[2026/07/28 15:14:46] GS:0 Total Dynamic map:13
[2026/07/28 15:14:46] GS:0 Total Static map:686
[2026/07/28 15:14:46] Assign Dynamic map(958,70183) for GS:0
[2026/07/28 15:14:46] GS:0 Total Dynamic map:14
[2026/07/28 15:14:46] GS:0 Total Static map:686
[2026/07/28 15:14:46] Assign Dynamic map(958,70184) for GS:0
[2026/07/28 15:14:46] GS:0 Total Dynamic map:15
[2026/07/28 15:14:46] GS:0 Total Static map:686
[2026/07/28 15:14:46] Assign Dynamic map(976,65541) for GS:0
[2026/07/28 15:14:46] GS:0 Total Dynamic map:16
[2026/07/28 15:14:46] GS:0 Total Static map:686
[2026/07/28 15:14:46] Assign Dynamic map(976,65542) for GS:0
[2026/07/28 15:14:46] GS:0 Total Dynamic map:17
[2026/07/28 15:14:46] GS:0 Total Static map:686
[2026/07/28 15:14:46] Assign Dynamic map(976,65543) for GS:0
[2026/07/28 15:14:46] GS:0 Total Dynamic map:18
[2026/07/28 15:14:46] GS:0 Total Static map:686
[2026/07/28 15:14:46] Assign Dynamic map(976,65544) for GS:0
[2026/07/28 15:14:46] GS:0 Total Dynamic map:19
[2026/07/28 15:14:46] GS:0 Total Static map:686
[2026/07/28 15:14:46] Assign Dynamic map(976,65545) for GS:0
[2026/07/28 15:14:46] GS:0 Total Dynamic map:20
[2026/07/28 15:14:46] GS:0 Total Static map:686
[2026/07/28 15:45:29] Khoi Dong Phong Lang Do
[2026/07/28 16:00:29] VUOT AI KHIEU CHIEN THOI GIAN DANG GHI DANH
[2026/07/28 16:00:29] ==========================================================================================
[2026/07/28 16:00:29]                         PHONG HOA LIEN THANH - bat dau luc 12:00
[2026/07/28 16:00:29] ==========================================================================================
[2026/07/28 16:45:29] Khoi Dong Phong Lang Do
[2026/07/28 17:00:29] VUOT AI KHIEU CHIEN THOI GIAN DANG GHI DANH
[2026/07/28 17:00:29] -----------------------------------------------------------------------------------------------------------------------------------------------------------------------------------
[2026/07/28 17:00:29] [2026-07-28 17:00:29]  NEW BATTLE START
[2026/07/28 17:00:29] BattleID: 1   BattleLevel: 3   Issue: 1   6th.Round
[2026/07/28 17:00:29] RoundID: 3   MapPattern: 12   BattleMapID:  1   WorldMapID: 380   MapName: Ngò Ph­¬ng Nguyªn ChiÕn   RuleID: 6
[2026/07/28 17:00:29] -----------------------------------------------------------------------------------------------------------------------------------------------------------------------------------
[2026/07/28 17:42:29] -----------------------------------------------------------------------------------------------------------------------------------------------------------------------------------
[2026/07/28 17:42:29] [2026-07-28 17:42:29]  BATTLE END
[2026/07/28 17:42:29] BattleID: 1   BattleLevel: 3   Issue: 1   6th.Round RoundId: 3   Result: 1
[2026/07/28 17:42:29] -----------------------------------------------------------------------------------------------------------------------------------------------------------------------------------
[2026/07/28 17:45:29] Khoi Dong Phong Lang Do
[2026/07/28 18:00:29] VUOT AI KHIEU CHIEN THOI GIAN DANG GHI DANH
[2026/07/28 18:00:29] ==========================================================================================
[2026/07/28 18:00:29]                         PHONG HOA LIEN THANH - bat dau luc 12:00
[2026/07/28 18:00:29] ==========================================================================================
[2026/07/28 18:45:29] Khoi Dong Phong Lang Do
[2026/07/28 19:00:29] VUOT AI KHIEU CHIEN THOI GIAN DANG GHI DANH
[2026/07/28 19:00:29] -----------------------------------------------------------------------------------------------------------------------------------------------------------------------------------
[2026/07/28 19:00:29] [2026-07-28 19:00:29]  NEW BATTLE START
[2026/07/28 19:00:29] BattleID: 1   BattleLevel: 3   Issue: 1   7th.Round
[2026/07/28 19:00:29] RoundID: 6   MapPattern: 12   BattleMapID:  1   WorldMapID: 380   MapName: LiÔu Nguyªn ChiÕn   RuleID: 6
[2026/07/28 19:00:29] -----------------------------------------------------------------------------------------------------------------------------------------------------------------------------------
[2026/07/28 19:42:29] -----------------------------------------------------------------------------------------------------------------------------------------------------------------------------------
[2026/07/28 19:42:29] [2026-07-28 19:42:29]  BATTLE END
[2026/07/28 19:42:29] BattleID: 1   BattleLevel: 3   Issue: 1   7th.Round RoundId: 6   Result: 1
[2026/07/28 19:42:29] -----------------------------------------------------------------------------------------------------------------------------------------------------------------------------------
[2026/07/28 19:45:29] Khoi Dong Phong Lang Do
[2026/07/28 20:00:29] VUOT AI KHIEU CHIEN THOI GIAN DANG GHI DANH
[2026/07/28 20:00:29] ==========================================================================================
[2026/07/28 20:00:29]                         PHONG HOA LIEN THANH - bat dau luc 12:00
[2026/07/28 20:00:29] ==========================================================================================
[2026/07/28 20:45:29] Khoi Dong Phong Lang Do
[2026/07/28 21:00:29] VUOT AI KHIEU CHIEN THOI GIAN DANG GHI DANH
[2026/07/28 21:00:29] -----------------------------------------------------------------------------------------------------------------------------------------------------------------------------------
[2026/07/28 21:00:29] [2026-07-28 21:00:29]  NEW BATTLE START
[2026/07/28 21:00:29] BattleID: 1   BattleLevel: 3   Issue: 1   8th.Round
[2026/07/28 21:00:29] RoundID: 12   MapPattern: 8   BattleMapID:  1   WorldMapID: 380   MapName: Hoµng Sa L©m Ngao ChiÕn   RuleID: 6
[2026/07/28 21:00:29] -----------------------------------------------------------------------------------------------------------------------------------------------------------------------------------
[2026/07/28 21:42:29] -----------------------------------------------------------------------------------------------------------------------------------------------------------------------------------
[2026/07/28 21:42:29] [2026-07-28 21:42:29]  BATTLE END
[2026/07/28 21:42:29] BattleID: 1   BattleLevel: 3   Issue: 1   8th.Round RoundId: 12   Result: 1
[2026/07/28 21:42:29] -----------------------------------------------------------------------------------------------------------------------------------------------------------------------------------
[2026/07/28 21:45:29] Khoi Dong Phong Lang Do
[2026/07/28 22:00:29] VUOT AI KHIEU CHIEN THOI GIAN DANG GHI DANH
[2026/07/28 22:00:29] ==========================================================================================
[2026/07/28 22:00:29]                         PHONG HOA LIEN THANH - bat dau luc 12:00
[2026/07/28 22:00:29] ==========================================================================================
[2026/07/28 22:45:29] Khoi Dong Phong Lang Do
[2026/07/28 23:00:29] VUOT AI KHIEU CHIEN THOI GIAN DANG GHI DANH
[2026/07/28 23:00:29] -----------------------------------------------------------------------------------------------------------------------------------------------------------------------------------
[2026/07/28 23:00:29] [2026-07-28 23:00:29]  NEW BATTLE START
[2026/07/28 23:00:29] BattleID: 1   BattleLevel: 3   Issue: 1   9th.Round
[2026/07/28 23:00:29] RoundID: 1   MapPattern: 9   BattleMapID:  1   WorldMapID: 380   MapName: Ngò Ph­¬ng Nguyªn ChiÕn   RuleID: 6
[2026/07/28 23:00:29] -----------------------------------------------------------------------------------------------------------------------------------------------------------------------------------
[2026/07/28 23:42:29] -----------------------------------------------------------------------------------------------------------------------------------------------------------------------------------
[2026/07/28 23:42:29] [2026-07-28 23:42:29]  BATTLE END
[2026/07/28 23:42:29] BattleID: 1   BattleLevel: 3   Issue: 1   9th.Round RoundId: 1   Result: 1
[2026/07/28 23:42:29] -----------------------------------------------------------------------------------------------------------------------------------------------------------------------------------
[2026/07/28 23:45:29] Khoi Dong Phong Lang Do
[2026/07/29 00:00:29] VUOT AI KHIEU CHIEN THOI GIAN DANG GHI DANH
[2026/07/29 00:00:29] =====> Bang Xep Hang Vuot Ai Moi Ngay 00:00 Bat Dau==================
[2026/07/29 00:00:29] ==========================================================================================
[2026/07/29 00:00:29]                         PHONG HOA LIEN THANH - bat dau luc 12:00
[2026/07/29 00:00:29] ==========================================================================================
[2026/07/29 00:45:29] Khoi Dong Phong Lang Do
[2026/07/29 01:00:29] VUOT AI KHIEU CHIEN THOI GIAN DANG GHI DANH
[2026/07/29 01:00:29] -----------------------------------------------------------------------------------------------------------------------------------------------------------------------------------
[2026/07/29 01:00:29] [2026-07-29 01:00:29]  NEW BATTLE START
[2026/07/29 01:00:29] BattleID: 1   BattleLevel: 3   Issue: 1   10th.Round
[2026/07/29 01:00:29] RoundID: 2   MapPattern: 10   BattleMapID:  1   WorldMapID: 380   MapName: B¹ch M«n Nguyªn ChiÕn   RuleID: 6
[2026/07/29 01:00:29] -----------------------------------------------------------------------------------------------------------------------------------------------------------------------------------
[2026/07/29 01:42:29] -----------------------------------------------------------------------------------------------------------------------------------------------------------------------------------
[2026/07/29 01:42:29] [2026-07-29 01:42:29]  BATTLE END
[2026/07/29 01:42:29] BattleID: 1   BattleLevel: 3   Issue: 1   10th.Round RoundId: 2   Result: 1
[2026/07/29 01:42:29] -----------------------------------------------------------------------------------------------------------------------------------------------------------------------------------
[2026/07/29 01:45:29] Khoi Dong Phong Lang Do
[2026/07/29 02:00:29] VUOT AI KHIEU CHIEN THOI GIAN DANG GHI DANH
[2026/07/29 02:00:29] ==========================================================================================
[2026/07/29 02:00:29]                         PHONG HOA LIEN THANH - bat dau luc 12:00
[2026/07/29 02:00:29] ==========================================================================================
[2026/07/29 02:45:29] Khoi Dong Phong Lang Do
[2026/07/29 03:00:29] VUOT AI KHIEU CHIEN THOI GIAN DANG GHI DANH
[2026/07/29 03:00:29] -----------------------------------------------------------------------------------------------------------------------------------------------------------------------------------
[2026/07/29 03:00:29] [2026-07-29 03:00:29]  NEW BATTLE START
[2026/07/29 03:00:29] BattleID: 1   BattleLevel: 3   Issue: 1   11th.Round
[2026/07/29 03:00:29] RoundID: 4   MapPattern: 12   BattleMapID:  1   WorldMapID: 380   MapName: Hoµng Sa L©m Ngao ChiÕn   RuleID: 6
[2026/07/29 03:00:29] -----------------------------------------------------------------------------------------------------------------------------------------------------------------------------------
[2026/07/29 03:42:29] -----------------------------------------------------------------------------------------------------------------------------------------------------------------------------------
[2026/07/29 03:42:29] [2026-07-29 03:42:29]  BATTLE END
[2026/07/29 03:42:29] BattleID: 1   BattleLevel: 3   Issue: 1   11th.Round RoundId: 4   Result: 1
[2026/07/29 03:42:29] -----------------------------------------------------------------------------------------------------------------------------------------------------------------------------------
[2026/07/29 03:45:29] Khoi Dong Phong Lang Do
[2026/07/29 04:00:29] VUOT AI KHIEU CHIEN THOI GIAN DANG GHI DANH
[2026/07/29 04:00:29] ==========================================================================================
[2026/07/29 04:00:29]                         PHONG HOA LIEN THANH - bat dau luc 12:00
[2026/07/29 04:00:29] ==========================================================================================
[2026/07/29 04:45:29] Khoi Dong Phong Lang Do
[2026/07/29 05:00:29] VUOT AI KHIEU CHIEN THOI GIAN DANG GHI DANH
[2026/07/29 05:00:29] -----------------------------------------------------------------------------------------------------------------------------------------------------------------------------------
[2026/07/29 05:00:29] [2026-07-29 05:00:29]  NEW BATTLE START
[2026/07/29 05:00:29] BattleID: 1   BattleLevel: 3   Issue: 1   12th.Round
[2026/07/29 05:00:29] RoundID: 8   MapPattern: 1   BattleMapID:  1   WorldMapID: 380   MapName: Hoµng Sa L©m Ngao ChiÕn   RuleID: 6
[2026/07/29 05:00:29] -----------------------------------------------------------------------------------------------------------------------------------------------------------------------------------
[2026/07/29 05:42:29] -----------------------------------------------------------------------------------------------------------------------------------------------------------------------------------
[2026/07/29 05:42:29] [2026-07-29 05:42:29]  BATTLE END
[2026/07/29 05:42:29] BattleID: 1   BattleLevel: 3   Issue: 1   12th.Round RoundId: 8   Result: 1
[2026/07/29 05:42:29] -----------------------------------------------------------------------------------------------------------------------------------------------------------------------------------
[2026/07/29 05:45:29] Khoi Dong Phong Lang Do
[2026/07/29 06:00:29] VUOT AI KHIEU CHIEN THOI GIAN DANG GHI DANH
[2026/07/29 06:00:29] ==========================================================================================
[2026/07/29 06:00:29]                         PHONG HOA LIEN THANH - bat dau luc 12:00
[2026/07/29 06:00:29] ==========================================================================================
[2026/07/29 06:45:29] Khoi Dong Phong Lang Do
[2026/07/29 07:00:29] VUOT AI KHIEU CHIEN THOI GIAN DANG GHI DANH
[2026/07/29 07:00:29] -----------------------------------------------------------------------------------------------------------------------------------------------------------------------------------
[2026/07/29 07:00:29] [2026-07-29 07:00:29]  NEW BATTLE START
[2026/07/29 07:00:29] BattleID: 1   BattleLevel: 3   Issue: 1   13th.Round
[2026/07/29 07:00:29] RoundID: 1   MapPattern: 11   BattleMapID:  1   WorldMapID: 380   MapName: B¹ch M«n Nguyªn ChiÕn   RuleID: 6
[2026/07/29 07:00:29] -----------------------------------------------------------------------------------------------------------------------------------------------------------------------------------
[2026/07/29 07:42:29] -----------------------------------------------------------------------------------------------------------------------------------------------------------------------------------
[2026/07/29 07:42:29] [2026-07-29 07:42:29]  BATTLE END
[2026/07/29 07:42:29] BattleID: 1   BattleLevel: 3   Issue: 1   13th.Round RoundId: 1   Result: 1
[2026/07/29 07:42:29] -----------------------------------------------------------------------------------------------------------------------------------------------------------------------------------
[2026/07/29 07:45:29] Khoi Dong Phong Lang Do
[2026/07/29 08:00:29] VUOT AI KHIEU CHIEN THOI GIAN DANG GHI DANH
[2026/07/29 08:00:29] ==========================================================================================
[2026/07/29 08:00:29]                         PHONG HOA LIEN THANH - bat dau luc 12:00
[2026/07/29 08:00:29] ==========================================================================================
[2026/07/29 08:45:29] Khoi Dong Phong Lang Do
[2026/07/29 09:00:29] VUOT AI KHIEU CHIEN THOI GIAN DANG GHI DANH
[2026/07/29 09:00:29] -----------------------------------------------------------------------------------------------------------------------------------------------------------------------------------
[2026/07/29 09:00:29] [2026-07-29 09:00:29]  NEW BATTLE START
[2026/07/29 09:00:29] BattleID: 1   BattleLevel: 3   Issue: 1   14th.Round
[2026/07/29 09:00:29] RoundID: 2   MapPattern: 10   BattleMapID:  1   WorldMapID: 380   MapName: Ngò Ph­¬ng Nguyªn ChiÕn   RuleID: 6
[2026/07/29 09:00:29] -----------------------------------------------------------------------------------------------------------------------------------------------------------------------------------
[2026/07/29 09:42:29] -----------------------------------------------------------------------------------------------------------------------------------------------------------------------------------
[2026/07/29 09:42:29] [2026-07-29 09:42:29]  BATTLE END
[2026/07/29 09:42:29] BattleID: 1   BattleLevel: 3   Issue: 1   14th.Round RoundId: 2   Result: 1
[2026/07/29 09:42:29] -----------------------------------------------------------------------------------------------------------------------------------------------------------------------------------
[2026/07/29 09:45:29] Khoi Dong Phong Lang Do
[2026/07/29 10:00:29] VUOT AI KHIEU CHIEN THOI GIAN DANG GHI DANH
[2026/07/29 10:00:29] ==========================================================================================
[2026/07/29 10:00:29]                         PHONG HOA LIEN THANH - bat dau luc 12:00
[2026/07/29 10:00:29] ==========================================================================================
[2026/07/29 10:45:29] Khoi Dong Phong Lang Do
[2026/07/29 11:00:29] VUOT AI KHIEU CHIEN THOI GIAN DANG GHI DANH
[2026/07/29 11:00:29] -----------------------------------------------------------------------------------------------------------------------------------------------------------------------------------
[2026/07/29 11:00:29] [2026-07-29 11:00:29]  NEW BATTLE START
[2026/07/29 11:00:29] BattleID: 1   BattleLevel: 3   Issue: 1   15th.Round
[2026/07/29 11:00:29] RoundID: 4   MapPattern: 11   BattleMapID:  1   WorldMapID: 380   MapName: B¹ch M«n Nguyªn ChiÕn   RuleID: 6
[2026/07/29 11:00:29] -----------------------------------------------------------------------------------------------------------------------------------------------------------------------------------
[2026/07/29 11:42:29] -----------------------------------------------------------------------------------------------------------------------------------------------------------------------------------
[2026/07/29 11:42:29] [2026-07-29 11:42:29]  BATTLE END
[2026/07/29 11:42:29] BattleID: 1   BattleLevel: 3   Issue: 1   15th.Round RoundId: 4   Result: 1
[2026/07/29 11:42:29] -----------------------------------------------------------------------------------------------------------------------------------------------------------------------------------
[2026/07/29 11:45:29] Khoi Dong Phong Lang Do
[2026/07/29 12:00:29] VUOT AI KHIEU CHIEN THOI GIAN DANG GHI DANH
[2026/07/29 12:00:29] ==========================================================================================
[2026/07/29 12:00:29]                         PHONG HOA LIEN THANH - bat dau luc 12:00
[2026/07/29 12:00:29] ==========================================================================================
[2026/07/29 12:45:29] Khoi Dong Phong Lang Do
[2026/07/29 13:00:29] VUOT AI KHIEU CHIEN THOI GIAN DANG GHI DANH
[2026/07/29 13:00:29] -----------------------------------------------------------------------------------------------------------------------------------------------------------------------------------
[2026/07/29 13:00:29] [2026-07-29 13:00:29]  NEW BATTLE START
[2026/07/29 13:00:29] BattleID: 1   BattleLevel: 3   Issue: 1   16th.Round
[2026/07/29 13:00:29] RoundID: 8   MapPattern: 11   BattleMapID:  1   WorldMapID: 380   MapName: Ngò Ph­¬ng Nguyªn ChiÕn   RuleID: 6
[2026/07/29 13:00:29] -----------------------------------------------------------------------------------------------------------------------------------------------------------------------------------
[2026/07/29 13:42:29] -----------------------------------------------------------------------------------------------------------------------------------------------------------------------------------
[2026/07/29 13:42:29] [2026-07-29 13:42:29]  BATTLE END
[2026/07/29 13:42:29] BattleID: 1   BattleLevel: 3   Issue: 1   16th.Round RoundId: 8   Result: 1
[2026/07/29 13:42:29] -----------------------------------------------------------------------------------------------------------------------------------------------------------------------------------
[2026/07/29 13:45:29] Khoi Dong Phong Lang Do
[2026/07/29 14:00:29] VUOT AI KHIEU CHIEN THOI GIAN DANG GHI DANH
[2026/07/29 14:00:29] ==========================================================================================
[2026/07/29 14:00:29]                         PHONG HOA LIEN THANH - bat dau luc 12:00
[2026/07/29 14:00:29] ==========================================================================================
[2026/07/29 14:45:29] Khoi Dong Phong Lang Do
[2026/07/29 15:00:29] VUOT AI KHIEU CHIEN THOI GIAN DANG GHI DANH
[2026/07/29 15:00:29] -----------------------------------------------------------------------------------------------------------------------------------------------------------------------------------
[2026/07/29 15:00:29] [2026-07-29 15:00:29]  NEW BATTLE START
[2026/07/29 15:00:29] BattleID: 1   BattleLevel: 3   Issue: 1   17th.Round
[2026/07/29 15:00:29] RoundID: 1   MapPattern: 8   BattleMapID:  1   WorldMapID: 380   MapName: LiÔu Nguyªn ChiÕn   RuleID: 6
[2026/07/29 15:00:29] -----------------------------------------------------------------------------------------------------------------------------------------------------------------------------------
[2026/07/29 15:14:29] Khoi dong lai bang Xep Hang
[2026/07/29 15:14:29] ==========================================================================================
[2026/07/29 15:14:29]  
[2026/07/29 15:14:29]                               VO LAM TRUYEN KY OFFLINE by MEL  
[2026/07/29 15:14:29]  
[2026/07/29 15:14:29] ==========================================================================================
[2026/07/29 15:42:29] -----------------------------------------------------------------------------------------------------------------------------------------------------------------------------------
[2026/07/29 15:42:29] [2026-07-29 15:42:29]  BATTLE END
[2026/07/29 15:42:29] BattleID: 1   BattleLevel: 3   Issue: 1   17th.Round RoundId: 1   Result: 1
[2026/07/29 15:42:29] -----------------------------------------------------------------------------------------------------------------------------------------------------------------------------------
[2026/07/29 15:45:29] Khoi Dong Phong Lang Do
[2026/07/29 16:00:29] VUOT AI KHIEU CHIEN THOI GIAN DANG GHI DANH
[2026/07/29 16:00:29] ==========================================================================================
[2026/07/29 16:00:29]                         PHONG HOA LIEN THANH - bat dau luc 12:00
[2026/07/29 16:00:29] ==========================================================================================
[2026/07/29 16:45:29] Khoi Dong Phong Lang Do
[2026/07/29 17:00:29] VUOT AI KHIEU CHIEN THOI GIAN DANG GHI DANH
[2026/07/29 17:00:29] -----------------------------------------------------------------------------------------------------------------------------------------------------------------------------------
[2026/07/29 17:00:29] [2026-07-29 17:00:29]  NEW BATTLE START
[2026/07/29 17:00:29] BattleID: 1   BattleLevel: 3   Issue: 1   18th.Round
[2026/07/29 17:00:29] RoundID: 2   MapPattern: 9   BattleMapID:  1   WorldMapID: 380   MapName: Hoµng Sa L©m Ngao ChiÕn   RuleID: 6
[2026/07/29 17:00:29] -----------------------------------------------------------------------------------------------------------------------------------------------------------------------------------
[2026/07/29 17:42:29] -----------------------------------------------------------------------------------------------------------------------------------------------------------------------------------
[2026/07/29 17:42:29] [2026-07-29 17:42:29]  BATTLE END
[2026/07/29 17:42:29] BattleID: 1   BattleLevel: 3   Issue: 1   18th.Round RoundId: 2   Result: 1
[2026/07/29 17:42:29] -----------------------------------------------------------------------------------------------------------------------------------------------------------------------------------
[2026/07/29 17:45:29] Khoi Dong Phong Lang Do
[2026/07/29 18:00:29] VUOT AI KHIEU CHIEN THOI GIAN DANG GHI DANH
[2026/07/29 18:00:29] ==========================================================================================
[2026/07/29 18:00:29]                         PHONG HOA LIEN THANH - bat dau luc 12:00
[2026/07/29 18:00:29] ==========================================================================================
[2026/07/29 18:45:29] Khoi Dong Phong Lang Do
[2026/07/29 19:00:29] VUOT AI KHIEU CHIEN THOI GIAN DANG GHI DANH
[2026/07/29 19:00:29] -----------------------------------------------------------------------------------------------------------------------------------------------------------------------------------
[2026/07/29 19:00:29] [2026-07-29 19:00:29]  NEW BATTLE START
[2026/07/29 19:00:29] BattleID: 1   BattleLevel: 3   Issue: 1   19th.Round
[2026/07/29 19:00:29] RoundID: 4   MapPattern: 12   BattleMapID:  1   WorldMapID: 380   MapName: LiÔu Nguyªn ChiÕn   RuleID: 6
[2026/07/29 19:00:29] -----------------------------------------------------------------------------------------------------------------------------------------------------------------------------------
[2026/07/29 19:42:29] -----------------------------------------------------------------------------------------------------------------------------------------------------------------------------------
[2026/07/29 19:42:29] [2026-07-29 19:42:29]  BATTLE END
[2026/07/29 19:42:29] BattleID: 1   BattleLevel: 3   Issue: 1   19th.Round RoundId: 4   Result: 1
[2026/07/29 19:42:29] -----------------------------------------------------------------------------------------------------------------------------------------------------------------------------------
[2026/07/29 19:45:29] Khoi Dong Phong Lang Do
[2026/07/29 20:00:29] VUOT AI KHIEU CHIEN THOI GIAN DANG GHI DANH
[2026/07/29 20:00:29] ==========================================================================================
[2026/07/29 20:00:29]                         PHONG HOA LIEN THANH - bat dau luc 12:00
[2026/07/29 20:00:29] ==========================================================================================
[2026/07/29 20:45:29] Khoi Dong Phong Lang Do
[2026/07/29 21:00:29] VUOT AI KHIEU CHIEN THOI GIAN DANG GHI DANH
[2026/07/29 21:00:29] -----------------------------------------------------------------------------------------------------------------------------------------------------------------------------------
[2026/07/29 21:00:29] [2026-07-29 21:00:29]  NEW BATTLE START
[2026/07/29 21:00:29] BattleID: 1   BattleLevel: 3   Issue: 1   20th.Round
[2026/07/29 21:00:29] RoundID: 8   MapPattern: 11   BattleMapID:  1   WorldMapID: 380   MapName: B¹ch M«n Nguyªn ChiÕn   RuleID: 6
[2026/07/29 21:00:29] -----------------------------------------------------------------------------------------------------------------------------------------------------------------------------------
[2026/07/29 21:42:29] -----------------------------------------------------------------------------------------------------------------------------------------------------------------------------------
[2026/07/29 21:42:29] [2026-07-29 21:42:29]  BATTLE END
[2026/07/29 21:42:29] BattleID: 1   BattleLevel: 3   Issue: 1   20th.Round RoundId: 8   Result: 1
[2026/07/29 21:42:29] -----------------------------------------------------------------------------------------------------------------------------------------------------------------------------------
[2026/07/29 21:45:29] Khoi Dong Phong Lang Do
[2026/07/29 22:00:29] VUOT AI KHIEU CHIEN THOI GIAN DANG GHI DANH
[2026/07/29 22:00:29] ==========================================================================================
[2026/07/29 22:00:29]                         PHONG HOA LIEN THANH - bat dau luc 12:00
[2026/07/29 22:00:29] ==========================================================================================
[2026/07/29 22:45:29] Khoi Dong Phong Lang Do
[2026/07/29 23:00:29] VUOT AI KHIEU CHIEN THOI GIAN DANG GHI DANH
[2026/07/29 23:00:29] -----------------------------------------------------------------------------------------------------------------------------------------------------------------------------------
[2026/07/29 23:00:29] [2026-07-29 23:00:29]  NEW BATTLE START
[2026/07/29 23:00:29] BattleID: 1   BattleLevel: 3   Issue: 1   21th.Round
[2026/07/29 23:00:29] RoundID: 1   MapPattern: 9   BattleMapID:  1   WorldMapID: 380   MapName: Ngò Ph­¬ng Nguyªn ChiÕn   RuleID: 6
[2026/07/29 23:00:29] -----------------------------------------------------------------------------------------------------------------------------------------------------------------------------------
[2026/07/29 23:42:29] -----------------------------------------------------------------------------------------------------------------------------------------------------------------------------------
[2026/07/29 23:42:29] [2026-07-29 23:42:29]  BATTLE END
[2026/07/29 23:42:29] BattleID: 1   BattleLevel: 3   Issue: 1   21th.Round RoundId: 1   Result: 1
[2026/07/29 23:42:29] -----------------------------------------------------------------------------------------------------------------------------------------------------------------------------------
[2026/07/29 23:45:29] Khoi Dong Phong Lang Do
[2026/07/30 00:00:29] VUOT AI KHIEU CHIEN THOI GIAN DANG GHI DANH
[2026/07/30 00:00:29] =====> Bang Xep Hang Vuot Ai Moi Ngay 00:00 Bat Dau==================
[2026/07/30 00:00:29] ==========================================================================================
[2026/07/30 00:00:29]                         PHONG HOA LIEN THANH - bat dau luc 12:00
[2026/07/30 00:00:29] ==========================================================================================
[2026/07/30 00:45:29] Khoi Dong Phong Lang Do
[2026/07/30 01:00:29] VUOT AI KHIEU CHIEN THOI GIAN DANG GHI DANH
[2026/07/30 01:00:29] -----------------------------------------------------------------------------------------------------------------------------------------------------------------------------------
[2026/07/30 01:00:29] [2026-07-30 01:00:29]  NEW BATTLE START
[2026/07/30 01:00:29] BattleID: 1   BattleLevel: 3   Issue: 1   22th.Round
[2026/07/30 01:00:29] RoundID: 2   MapPattern: 10   BattleMapID:  1   WorldMapID: 380   MapName: Ngò Ph­¬ng Nguyªn ChiÕn   RuleID: 6
[2026/07/30 01:00:29] -----------------------------------------------------------------------------------------------------------------------------------------------------------------------------------
[2026/07/30 01:42:29] -----------------------------------------------------------------------------------------------------------------------------------------------------------------------------------
[2026/07/30 01:42:29] [2026-07-30 01:42:29]  BATTLE END
[2026/07/30 01:42:29] BattleID: 1   BattleLevel: 3   Issue: 1   22th.Round RoundId: 2   Result: 1
[2026/07/30 01:42:29] -----------------------------------------------------------------------------------------------------------------------------------------------------------------------------------
[2026/07/30 01:45:29] Khoi Dong Phong Lang Do
[2026/07/30 02:00:29] VUOT AI KHIEU CHIEN THOI GIAN DANG GHI DANH
[2026/07/30 02:00:29] ==========================================================================================
[2026/07/30 02:00:29]                         PHONG HOA LIEN THANH - bat dau luc 12:00
[2026/07/30 02:00:29] ==========================================================================================
[2026/07/30 02:45:29] Khoi Dong Phong Lang Do
[2026/07/30 03:00:29] VUOT AI KHIEU CHIEN THOI GIAN DANG GHI DANH
[2026/07/30 03:00:29] -----------------------------------------------------------------------------------------------------------------------------------------------------------------------------------
[2026/07/30 03:00:29] [2026-07-30 03:00:29]  NEW BATTLE START
[2026/07/30 03:00:29] BattleID: 1   BattleLevel: 3   Issue: 1   23th.Round
[2026/07/30 03:00:29] RoundID: 4   MapPattern: 12   BattleMapID:  1   WorldMapID: 380   MapName: B¹ch M«n Nguyªn ChiÕn   RuleID: 6
[2026/07/30 03:00:29] -----------------------------------------------------------------------------------------------------------------------------------------------------------------------------------
[2026/07/30 03:28:27] stop autotimer for Ping: 127.0.0.1
[2026/07/30 03:2