2026-07-29 01:14:15	Deliver statdata: 0 bytes
2026-07-29 02:14:58	GetRoleInfo(HoaThan) OK: Enter Node[0](127.0.0.1 : 59688)
2026-07-29 02:14:58	GetRoleData(HoaThan) OK: datalen(1245)
2026-07-29 02:14:58	EnterGame(HoaThan) OK: Move from Node[0] to Node[3]
2026-07-29 02:16:54	CreateRoleData(111111) OK: Account(huyvq), datalen(575)
2026-07-29 02:16:54	EnterGame(111111) OK: Move from Node[0] to Node[3]
2026-07-29 02:19:26	QuitSave[111111] OK: Leave Node[3]
2026-07-29 02:19:26	SaveRoleData(111111) OK: datalen(1245)
2026-07-29 02:48:18	SaveRoleData(HoaThan) OK: datalen(1170)
2026-07-29 03:03:12	QuitSave[HoaThan] OK: Leave Node[3]
2026-07-29 03:03:12	SaveRoleData(HoaThan) OK: datalen(1170)
2026-07-29 03:14:15	Deliver statdata: 0 bytes
2026-07-29 03:26:59	GetRoleInfo(111111) OK: Enter Node[0](127.0.0.1 : 59688)
2026-07-29 03:26:59	GetRoleData(111111) OK: datalen(1245)
2026-07-29 03:27:00	EnterGame(111111) OK: Move from Node[0] to Node[3]
2026-07-29 03:27:07	QuitSave[111111] OK: Leave Node[3]
2026-07-29 03:27:07	SaveRoleData(111111) OK: datalen(1245)
2026-07-29 05:14:15	Deliver statdata: 0 bytes
2026-07-29 07:14:11	[QuitBackup]is_quit:0
2026-07-29 07:14:15	Deliver statdata: 0 bytes
2026-07-29 09:14:15	Deliver statdata: 0 bytes
2026-07-29 11:14:15	Deliver statdata: 0 bytes
2026-07-29 11:14:58	GetRoleInfo(KhoDamTest) OK: Enter Node[0](127.0.0.1 : 59688)
2026-07-29 11:14:58	GetRoleData(KhoDamTest) OK: datalen(1245)
2026-07-29 11:14:58	EnterGame(KhoDamTest) OK: Move from Node[0] to Node[3]
2026-07-29 11:17:58	QuitSave[KhoDamTest] OK: Leave Node[3]
2026-07-29 11:17:58	SaveRoleData(KhoDamTest) OK: datalen(1245)
2026-07-29 12:43:44	GetRoleInfo(HoaThan) OK: Enter Node[0](127.0.0.1 : 59688)
2026-07-29 12:43:44	GetRoleData(HoaThan) OK: datalen(1170)
2026-07-29 12:43:44	EnterGame(HoaThan) OK: Move from Node[0] to Node[3]
2026-07-29 13:00:21	QuitSave[HoaThan] OK: Leave Node[3]
2026-07-29 13:00:21	SaveRoleData(HoaThan) OK: datalen(1210)
2026-07-29 13:03:10	GetRoleInfo(HoaThan) OK: Enter Node[0](127.0.0.1 : 59688)
2026-07-29 13:03:10	GetRoleData(HoaThan) OK: datalen(1210)
2026-07-29 13:03:10	EnterGame(HoaThan) OK: Move from Node[0] to Node[3]
2026-07-29 13:04:16	QuitSave[HoaThan] OK: Leave Node[3]
2026-07-29 13:04:16	SaveRoleData(HoaThan) OK: datalen(1210)
2026-07-29 13:14:15	Deliver statdata: 0 bytes
2026-07-29 15:14:11	[QuitBackup]is_quit:0
2026-07-29 15:14:15	Deliver statdata: 0 bytes
2026-07-29 17:14:15	Deliver statdata: 0 bytes
2026-07-29 19:14:15	Deliver statdata: 0 bytes
2026-07-29 21:14:15	Deliver statdata: 0 bytes
2026-07-29 23:14:11	[QuitBackup]is_quit:0
2026-07-29 23:14:15	Deliver statdata: 0 bytes
