[2026/07/30 03:50:51] Delete event data: ShareKey(EVENT_cailuhongbao), Param1(-1), Param2(-1), Timeout(2020-3-30)
[2026/07/30 03:50:51] Delete event data: ShareKey(EVENT_MIDAUT_2010), Param1(-1), Param2(-1), Timeout(2020-10-19)
[2026/07/30 03:50:51] Delete event data: ShareKey(EVENT_dayanqunxia), Param1(-1), Param2(-1), Timeout(2020-3-20)
[2026/07/30 03:50:51] Delete event data: ShareKey(FUNC_RANK_EQUIPVALUE), Param1(-1), Param2(-1), Timeout(2020-6-4)
[2026/07/30 03:50:51] Delete event data: ShareKey(EVENT_April_zhushuai), Param1(-1), Param2(-1), Timeout(2020-6-4)
[2026/07/30 03:50:51] Loading All Scripts....................
[2026/07/30 03:50:51] Load Rank FUNC_RANK_EQUIPVALUE
[2026/07/30 03:50:51] Load Stable Rank count 0
[2026/07/30 03:50:51] Load Dynamic Rank count 0
[2026/07/30 03:50:51] Load Rank FUNC_RANK_EQUIPVALUE end
[2026/07/30 03:50:51] 
All Scripts Have Been Loaded! Count = 88
[2026/07/30 03:50:51] root client[:0] create
[2026/07/30 03:50:53] start autotimer for Ping: 
[2026/07/30 03:50:53] gateway client create: 127.0.0.1
[2026/07/30 03:50:53] TRIP_MODE: None
[2026/07/30 03:50:53] Loading World Setting...
[2026/07/30 03:50:53] Reset map pho ban thanh cong
[2026/07/30 03:50:53] Load LeagueData: LeagueType: 4, Leagues: 7, Roles: 7
[2026/07/30 03:50:53] Load LeagueData: LeagueType: 500, Leagues: 7, Roles: 7
[2026/07/30 03:50:53] Load LeagueData: LeagueType: 502, Leagues: 19, Roles: 19
[2026/07/30 03:50:53] Load LeagueData: LeagueType: 10000, Leagues: 1, Roles: 0
[2026/07/30 03:50:53] ==========================================================================================
[2026/07/30 03:50:53]                            Khoi dong THONG BAO TIN TUC TU DONG
[2026/07/30 03:50:53] ==========================================================================================
[2026/07/30 03:50:53] ==========================================================================================
[2026/07/30 03:50:53]                 BAT DAU KHOI DONG CAC TINH NANG CUA GAME VO LAM TRUYEN KY
[2026/07/30 03:50:53] ==========================================================================================
[2026/07/30 03:50:53] ==========================================================================================
[2026/07/30 03:50:53]                            Ladder startup. . . 10.001 -> 10500
[2026/07/30 03:50:53] ==========================================================================================
[2026/07/30 03:50:53] ==========================================================================================
[2026/07/30 03:50:53]                                Khoi dong TU DONG TRO CHUYEN
[2026/07/30 03:50:53] ==========================================================================================
[2026/07/30 03:50:53] ==========================================================================================
[2026/07/30 03:50:53]                                    Phong Lang Do 4:45 
[2026/07/30 03:50:53] ==========================================================================================
[2026/07/30 03:50:53] ==========================================================================================
[2026/07/30 03:50:53]                        VUOT AI KHIEU CHIEN THOI GIAN BAT DAU 4:0
[2026/07/30 03:50:53]                       BANG XEP HANG <THACH THUC THOI GIAN> MOI NGAY
[2026/07/30 03:50:53] ==========================================================================================
[2026/07/30 03:50:53] ==========================================================================================
[2026/07/30 03:50:53]                       Chien Truong TONG KIM bat dau vao gio le 05:00
[2026/07/30 03:50:53] ==========================================================================================
[2026/07/30 03:50:53] ==========================================================================================
[2026/07/30 03:50:53]                      Khoi dong PHONG HOA LIEN THANH, bat dau luc 04:00
[2026/07/30 03:50:53] ==========================================================================================
[2026/07/30 03:50:53] Failed to init statdatamanager!
[2026/07/30 03:50:53] S3Relay -- S3Relay- Khoi dong hoan tat! 
[2026/07/30 03:50:53] 
*
***** S3Relay Start (@ 154126624/00/43200 00:-688136:135861597.136280271) >>>>>
*


[2026/07/30 03:50:53] SockThread start success
[2026/07/30 03:50:53] ==========================================================================================
[2026/07/30 03:50:53] ====================== Xep Hang => Bat dau cap nhat 03:50 -> Start =======================
[2026/07/30 03:50:53] ==================== Xep Hang => Ket thuc cap nhat 03:50 -> Complete =====================
[2026/07/30 03:50:53] ==========================================================================================
[2026/07/30 03:50:53] Khoi dong lai bang Xep Hang
[2026/07/30 03:50:53] ==========================================================================================
[2026/07/30 03:50:53]  
[2026/07/30 03:50:53]                               VO LAM TRUYEN KY OFFLINE by MEL  
[2026/07/30 03:50:53]  
[2026/07/30 03:50:53] ==========================================================================================
[2026/07/30 03:50:55] ChatConnection create: 127.0.0.1
[2026/07/30 03:50:55] TongConnection create: 127.0.0.1
[2026/07/30 03:50:55] HostConnection create: 127.0.0.1
[2026/07/30 03:51:01] TongDataSendFinish: 127.0.0.1
[2026/07/30 03:51:01] GameServerLogin: 127.0.0.1
[2026/07/30 03:51:02] Assign Dynamic map(948,70185) for GS:0
[2026/07/30 03:51:02] GS:0 Total Dynamic map:1
[2026/07/30 03:51:02] GS:0 Total Static map:686
[2026/07/30 03:51:02] Assign Dynamic map(948,70186) for GS:0
[2026/07/30 03:51:02] GS:0 Total Dynamic map:2
[2026/07/30 03:51:02] GS:0 Total Static map:686
[2026/07/30 03:51:02] Assign Dynamic map(948,70187) for GS:0
[2026/07/30 03:51:02] GS:0 Total Dynamic map:3
[2026/07/30 03:51:02] GS:0 Total Static map:686
[2026/07/30 03:51:02] Assign Dynamic map(948,70188) for GS:0
[2026/07/30 03:51:02] GS:0 Total Dynamic map:4
[2026/07/30 03:51:02] GS:0 Total Static map:686
[2026/07/30 03:51:02] Assign Dynamic map(948,70189) for GS:0
[2026/07/30 03:51:02] GS:0 Total Dynamic map:5
[2026/07/30 03:51:02] GS:0 Total Static map:686
[2026/07/30 03:51:02] Assign Dynamic map(975,65536) for GS:0
[2026/07/30 03:51:02] GS:0 Total Dynamic map:6
[2026/07/30 03:51:02] GS:0 Total Static map:686
[2026/07/30 03:51:02] Assign Dynamic map(975,65537) for GS:0
[2026/07/30 03:51:02] GS:0 Total Dynamic map:7
[2026/07/30 03:51:02] GS:0 Total Static map:686
[2026/07/30 03:51:02] Assign Dynamic map(975,65538) for GS:0
[2026/07/30 03:51:02] GS:0 Total Dynamic map:8
[2026/07/30 03:51:02] GS:0 Total Static map:686
[2026/07/30 03:51:02] Assign Dynamic map(975,65539) for GS:0
[2026/07/30 03:51:02] GS:0 Total Dynamic map:9
[2026/07/30 03:51:02] GS:0 Total Static map:686
[2026/07/30 03:51:02] Assign Dynamic map(975,65540) for GS:0
[2026/07/30 03:51:02] GS:0 Total Dynamic map:10
[2026/07/30 03:51:02] GS:0 Total Static map:686
[2026/07/30 03:51:02] Assign Dynamic map(958,70190) for GS:0
[2026/07/30 03:51:02] GS:0 Total Dynamic map:11
[2026/07/30 03:51:02] GS:0 Total Static map:686
[2026/07/30 03:51:02] Assign Dynamic map(958,70191) for GS:0
[2026/07/30 03:51:02] GS:0 Total Dynamic map:12
[2026/07/30 03:51:02] GS:0 Total Static map:686
[2026/07/30 03:51:02] Assign Dynamic map(958,70192) for GS:0
[2026/07/30 03:51:02] GS:0 Total Dynamic map:13
[2026/07/30 03:51:02] GS:0 Total Static map:686
[2026/07/30 03:51:02] Assign Dynamic map(958,70193) for GS:0
[2026/07/30 03:51:02] GS:0 Total Dynamic map:14
[2026/07/30 03:51:02] GS:0 Total Static map:686
[2026/07/30 03:51:02] Assign Dynamic map(958,70194) for GS:0
[2026/07/30 03:51:02] GS:0 Total Dynamic map:15
[2026/07/30 03:51:02] GS:0 Total Static map:686
[2026/07/30 03:51:02] Assign Dynamic map(976,65541) for GS:0
[2026/07/30 03:51:02] GS:0 Total Dynamic map:16
[2026/07/30 03:51:02] GS:0 Total Static map:686
[2026/07/30 03:51:02] Assign Dynamic map(976,65542) for GS:0
[2026/07/30 03:51