[2026/07/30 03:56:16] Delete event data: ShareKey(EVENT_cailuhongbao), Param1(-1), Param2(-1), Timeout(2020-3-30)
[2026/07/30 03:56:16] Delete event data: ShareKey(EVENT_MIDAUT_2010), Param1(-1), Param2(-1), Timeout(2020-10-19)
[2026/07/30 03:56:16] Delete event data: ShareKey(EVENT_dayanqunxia), Param1(-1), Param2(-1), Timeout(2020-3-20)
[2026/07/30 03:56:16] Delete event data: ShareKey(FUNC_RANK_EQUIPVALUE), Param1(-1), Param2(-1), Timeout(2020-6-4)
[2026/07/30 03:56:16] Delete event data: ShareKey(EVENT_April_zhushuai), Param1(-1), Param2(-1), Timeout(2020-6-4)
[2026/07/30 03:56:16] Loading All Scripts....................
[2026/07/30 03:56:16] Load Rank FUNC_RANK_EQUIPVALUE
[2026/07/30 03:56:16] Load Stable Rank count 0
[2026/07/30 03:56:16] Load Dynamic Rank count 0
[2026/07/30 03:56:16] Load Rank FUNC_RANK_EQUIPVALUE end
[2026/07/30 03:56:16] 
All Scripts Have Been Loaded! Count = 88
[2026/07/30 03:56:16] root client[:0] create
[2026/07/30 03:56:18] start autotimer for Ping: 
[2026/07/30 03:56:18] TRIP_MODE: None
[2026/07/30 03:56:18] Loading World Setting...
[2026/07/30 03:56:18] Reset map pho ban thanh cong
[2026/07/30 03:56:18] gateway client create: 127.0.0.1
[2026/07/30 03:56:18] Load LeagueData: LeagueType: 4, Leagues: 7, Roles: 7
[2026/07/30 03:56:18] Load LeagueData: LeagueType: 500, Leagues: 7, Roles: 7
[2026/07/30 03:56:18] Load LeagueData: LeagueType: 502, Leagues: 19, Roles: 19
[2026/07/30 03:56:18] Load LeagueData: LeagueType: 10000, Leagues: 1, Roles: 0
[2026/07/30 03:56:18] ==========================================================================================
[2026/07/30 03:56:18]                            Khoi dong THONG BAO TIN TUC TU DONG
[2026/07/30 03:56:18] ==========================================================================================
[2026/07/30 03:56:18] ==========================================================================================
[2026/07/30 03:56:18]                 BAT DAU KHOI DONG CAC TINH NANG CUA GAME VO LAM TRUYEN KY
[2026/07/30 03:56:18] ==========================================================================================
[2026/07/30 03:56:18] ==========================================================================================
[2026/07/30 03:56:18]                            Ladder startup. . . 10.001 -> 10500
[2026/07/30 03:56:18] ==========================================================================================
[2026/07/30 03:56:18] ==========================================================================================
[2026/07/30 03:56:18]                                Khoi dong TU DONG TRO CHUYEN
[2026/07/30 03:56:18] ==========================================================================================
[2026/07/30 03:56:18] ==========================================================================================
[2026/07/30 03:56:18]                                    Phong Lang Do 4:45 
[2026/07/30 03:56:18] ==========================================================================================
[2026/07/30 03:56:18] ==========================================================================================
[2026/07/30 03:56:18]                        VUOT AI KHIEU CHIEN THOI GIAN BAT DAU 4:0
[2026/07/30 03:56:18]                       BANG XEP HANG <THACH THUC THOI GIAN> MOI NGAY
[2026/07/30 03:56:18] ==========================================================================================
[2026/07/30 03:56:18] ==========================================================================================
[2026/07/30 03:56:18]                       Chien Truong TONG KIM bat dau vao gio le 05:00
[2026/07/30 03:56:18] ==========================================================================================
[2026/07/30 03:56:18] ==========================================================================================
[2026/07/30 03:56:18]                      Khoi dong PHONG HOA LIEN THANH, bat dau luc 04:00
[2026/07/30 03:56:18] ==========================================================================================
[2026/07/30 03:56:18] Failed to init statdatamanager!
[2026/07/30 03:56:18] S3Relay -- S3Relay- Khoi dong hoan tat! 
[2026/07/30 03:56:18] 
*
***** S3Relay Start (@ 167500064/00/43200 00:-305176:135861597.136280271) >>>>>
*


[2026/07/30 03:56:18] SockThread start success
[2026/07/30 03:56:18] ==========================================================================================
[2026/07/30 03:56:18] ====================== Xep Hang => Bat dau cap nhat 03:56 -> Start =======================
[2026/07/30 03:56:18] ==================== Xep Hang => Ket thuc cap nhat 03:56 -> Complete =====================
[2026/07/30 03:56:18] ==========================================================================================
[2026/07/30 03:56:18] Khoi dong lai bang Xep Hang
[2026/07/30 03:56:18] ==========================================================================================
[2026/07/30 03:56:18]  
[2026/07/30 03:56:18]                               VO LAM TRUYEN KY OFFLINE by MEL  
[2026/07/30 03:56:18]  
[2026/07/30 03:56:18] ==========================================================================================
[2026/07/30 03:56:24] ChatConnection create: 127.0.0.1
[2026/07/30 03:56:24] TongConnection create: 127.0.0.1
[2026/07/30 03:56:24] HostConnection create: 127.0.0.1
[2026/07/30 03:56:29] TongDataSendFinish: 127.0.0.1
[2026/07/30 03:56:29] GameServerLogin: 127.0.0.1
[2026/07/30 03:56:30] Assign Dynamic map(948,70195) for GS:0
[2026/07/30 03:56:30] GS:0 Total Dynamic map:1
[2026/07/30 03:56:30] GS:0 Total Static map:686
[2026/07/30 03:56:30] Assign Dynamic map(948,70196) for GS:0
[2026/07/30 03:56:30] GS:0 Total Dynamic map:2
[2026/07/30 03:56:30] GS:0 Total Static map:686
[2026/07/30 03:56:30] Assign Dynamic map(948,70197) for GS:0
[2026/07/30 03:56:30] GS:0 Total Dynamic map:3
[2026/07/30 03:56:30] GS:0 Total Static map:686
[2026/07/30 03:56:30] Assign Dynamic map(948,70198) for GS:0
[2026/07/30 03:56:30] GS:0 Total Dynamic map:4
[2026/07/30 03:56:30] GS:0 Total Static map:686
[2026/07/30 03:56:30] Assign Dynamic map(948,70199) for GS:0
[2026/07/30 03:56:30] GS:0 Total Dynamic map:5
[2026/07/30 03:56:30] GS:0 Total Static map:686
[2026/07/30 03:56:30] Assign Dynamic map(975,65536) for GS:0
[2026/07/30 03:56:30] GS:0 Total Dynamic map:6
[2026/07/30 03:56:30] GS:0 Total Static map:686
[2026/07/30 03:56:30] Assign Dynamic map(975,65537) for GS:0
[2026/07/30 03:56:30] GS:0 Total Dynamic map:7
[2026/07/30 03:56:30] GS:0 Total Static map:686
[2026/07/30 03:56:30] Assign Dynamic map(975,65538) for GS:0
[2026/07/30 03:56:30] GS:0 Total Dynamic map:8
[2026/07/30 03:56:30] GS:0 Total Static map:686
[2026/07/30 03:56:30] Assign Dynamic map(975,65539) for GS:0
[2026/07/30 03:56:30] GS:0 Total Dynamic map:9
[2026/07/30 03:56:30] GS:0 Total Static map:686
[2026/07/30 03:56:30] Assign Dynamic map(975,65540) for GS:0
[2026/07/30 03:56:30] GS:0 Total Dynamic map:10
[2026/07/30 03:56:30] GS:0 Total Static map:686
[2026/07/30 03:56:30] Assign Dynamic map(958,70200) for GS:0
[2026/07/30 03:56:30] GS:0 Total Dynamic map:11
[2026/07/30 03:56:30] GS:0 Total Static map:686
[2026/07/30 03:56:30] Assign Dynamic map(958,70201) for GS:0
[2026/07/30 03:56:30] GS:0 Total Dynamic map:12
[2026/07/30 03:56:30] GS:0 Total Static map:686
[2026/07/30 03:56:30] Assign Dynamic map(958,70202) for GS:0
[2026/07/30 03:56:30] GS:0 Total Dynamic map:13
[2026/07/30 03:56:30] GS:0 Total Static map:686
[2026/07/30 03:56:30] Assign Dynamic map(958,70203) for GS:0
[2026/07/30 03:56:30] GS:0 Total Dynamic map:14
[2026/07/30 03:56:30] GS:0 Total Static map:686
[2026/07/30 03:56:30] Assign Dynamic map(958,70204) for GS:0
[2026/07/30 03:56:30] GS:0 Total Dynamic map:15
[2026/07/30 03:56:30] GS:0 Total Static map:686
[2026/07/30 03:56:30] Assign Dynamic map(976,65541) for GS:0
[2026/07/30 03:56:30] GS:0 Total Dynamic map:16
[2026/07/30 03:56:30] GS:0 Total Static map:686
[2026/07/30 03:56:30] Assign Dynamic map(976,65542) for GS:0
[2026/07/30 03:56:30] GS:0 Total Dynamic map:17
[2026/07/30 03:56:30] GS:0 Total Static map:686
[2026/07/30 03:56:30] Assign Dynamic map(976,65543) for GS:0
[2026/07/30 03:56:30] GS:0 Total Dynamic map:18
[2026/07/30 03:56:30] GS:0 Total Static map:686
[2026/07/30 03:56:30] Assign Dynamic map(976,65544) for GS:0
[2026/07/30 03:56:30] GS:0 Total Dynamic map:19
[2026/07/30 03:56:30] GS:0 Total Static map:686
[2026/07/30 03:56:30] Assign Dynamic map(976,65545) for GS:0
[2026/07/30 03:56:30] GS:0 Total Dynamic map:20
[2026/07/30 03:56:30] GS:0 Total Static map:686
[2026/07/30 04:00:18] VUOT AI KHIEU CHIEN THOI GIAN DANG GHI DANH
[2026/07/30 04:00:18] ==========================================================================================
[2026/07/30 04:00:18]                         PHONG HOA LIEN THANH - bat dau luc 12:00
[2026/07/30 04:00:18] ==========================================================================================
[2026/07/30 04:45:18] Khoi Dong Phong Lang Do
[2026/07/30 05:00:18] VUOT AI KHIEU CHIEN THOI GIAN DANG GHI DANH
[2026/07/30 05:00:18] -----------------------------------------------------------------------------------------------------------------------------------------------------------------------------------
[2026/07/30 05:00:18] [2026-07-30 05:00:18]  NEW BATTLE START
[2026/07/30 05:00:18] BattleID: 1   BattleLevel: 3   Issue: 1   24th.Round
[2026/07/30 05:00:18] RoundID: 9   MapPattern: 12   BattleMapID:  1   WorldMapID: 380   MapName: Ngò Ph­¬ng Nguyªn ChiÕn   RuleID: 6
[2026/07/30 05:00:18] -----------------------------------------------------------------------------------------------------------------------------------------------------------------------------------
[2026/07/30 05:42:18] -----------------------------------------------------------------------------------------------------------------------------------------------------------------------------------
[2026/07/30 05:42:18] [2026-07-30 05:42:18]  BATTLE END
[2026/07/30 05:42:18] BattleID: 1   BattleLevel: 3   Issue: 1   24th.Round RoundId: 9   Result: 1
[2026/07/30 05:42:18] -----------------------------------------------------------------------------------------------------------------------------------------------------------------------------------
[2026/07/30 05:45:18] Khoi Dong Phong Lang Do
[2026/07/30 06:00:18] VUOT AI KHIEU CHIEN THOI GIAN DANG GHI DANH
[2026/07/30 06:00:18] ==========================================================================================
[2026/07/30 06:00:18]                         PHONG HOA LIEN THANH - bat dau luc 12:00
[2026/07/30 06:00:18] ==========================================================================================
[2026/07/30 06:45:18] Khoi Dong Phong Lang Do
[2026/07/30 07:00:18] VUOT AI KHIEU CHIEN THOI GIAN DANG GHI DANH
[2026/07/30 07:00:18] -----------------------------------------------------------------------------------------------------------------------------------------------------------------------------------
[2026/07/30 07:00:18] [2026-07-30 07:00:18]  NEW BATTLE START
[2026/07/30 07:00:18] BattleID: 1   BattleLevel: 3   Issue: 1   25th.Round
[2026/07/30 07:00:18] RoundID: 1   MapPattern: 9   BattleMapID:  1   WorldMapID: 380   MapName: LiÔu Nguyªn ChiÕn   RuleID: 6
[2026/07/30 07:00:18] -----------------------------------------------------------------------------------------------------------------------------------------------------------------------------------
[2026/07/30 07:42:18] -----------------------------------------------------------------------------------------------------------------------------------------------------------------------------------
[2026/07/30 07:42:18] [2026-07-30 07:42:18]  BATTLE END
[2026/07/30 07:42:18] BattleID: 1   BattleLevel: 3   Issue: 1   25th.Round RoundId: 1   Result: 1
[2026/07/30 07:42:18] -----------------------------------------------------------------------------------------------------------------------------------------------------------------------------------
[2026/07/30 07:45:18] Khoi Dong Phong Lang Do
[2026/07/30 08:00:18] VUOT AI KHIEU CHIEN THOI GIAN DANG GHI DANH
[2026/07/30 08:00:18] ==========================================================================================
[2026/07/30 08:00:18]                         PHONG HOA LIEN THANH - bat dau luc 12:00
[2026/07/30 08:00:18] ==========================================================================================
[2026/07/30 08:45:18] Khoi Dong Phong Lang Do
[2026/07/30 09:00:18] VUOT AI KHIEU CHIEN THOI GIAN DANG GHI DANH
[2026/07/30 09:00:18] -----------------------------------------------------------------------------------------------------------------------------------------------------------------------------------
[2026/07/30 09:00:18] [2026-07-30 09:00:18]  NEW BATTLE START
[2026/07/30 09:00:18] BattleID: 1   BattleLevel: 3   Issue: 1   26th.Round
[2026/07/30 09:00:18] RoundID: 2   MapPattern: 9   BattleMapID:  1   WorldMapID: 380   MapName: Hoµng Sa L©m Ngao ChiÕn   RuleID: 6
[2026/07/30 09:00:18] -----------------------------------------------------------------------------------------------------------------------------------------------------------------------------------
[2026/07/30 09:42:18] -----------------------------------------------------------------------------------------------------------------------------------------------------------------------------------
[2026/07/30 09:42:18] [2026-07-30 09:42:18]  BATTLE END
[2026/07/30 09:42:18] BattleID: 1   BattleLevel: 3   Issue: 1   26th.Round RoundId: 2   Result: 1
[2026/07/30 09:42:18] -----------------------------------------------------------------------------------------------------------------------------------------------------------------------------------
[2026/07/30 09:45:18] Khoi Dong Phong Lang Do
[2026/07/30 10:00:18] VUOT AI KHIEU CHIEN THOI GIAN DANG GHI DANH
[2026/07/30 10:00:18] ==========================================================================================
[2026/07/30 10:00:18]                         PHONG HOA LIEN THANH - bat dau luc 12:00
[2026/07/30 10:00:18] ==========================================================================================
[2026/07/30 10:45:18] Khoi Dong Phong Lang Do
[2026/07/30 11:00:18] VUOT AI KHIEU CHIEN THOI GIAN DANG GHI DANH
[2026/07/30 11:00:18] -----------------------------------------------------------------------------------------------------------------------------------------------------------------------------------
[2026/07/30 11:00:18] [2026-07-30 11:00:18]  NEW BATTLE START
[2026/07/30 11:00:18] BattleID: 1   BattleLevel: 3   Issue: 1   27th.Round
[2026/07/30 11:00:18] RoundID: 4   MapPattern: 11   BattleMapID:  1   WorldMapID: 380   MapName: Ngò Ph­¬ng Nguyªn ChiÕn   RuleID: 6
[2026/07/30 11:00:18] -----------------------------------------------------------------------------------------------------------------------------------------------------------------------------------
[2026/07/30 11:42:18] -----------------------------------------------------------------------------------------------------------------------------------------------------------------------------------
[2026/07/30 11:42:18] [2026-07-30 11:42:18]  BATTLE END
[2026/07/30 11:42:18] BattleID: 1   BattleLevel: 3   Issue: 1   27th.Round RoundId: 4   Result: 1
[2026/07/30 11:42:18] -----------------------------------------------------------------------------------------------------------------------------------------------------------------------------------
[2026/07/30 11:45:18] Khoi Dong Phong Lang Do
[2026/07/30 12:00:18] VUOT AI KHIEU CHIEN THOI GIAN DANG GHI DANH
[2026/07/30 12:00:18] ==========================================================================================
[2026/07/30 12:00:18]                         PHONG HOA LIEN THANH - bat dau luc 12:00
[2026/07/30 12:00:18] ==========================================================================================
[2026/07/30 12:45:18] Khoi Dong Phong Lang Do
[2026/07/30 13:00:18] VUOT AI KHIEU CHIEN THOI GIAN DANG GHI DANH
[2