[2026/07/21 04:57:06] Delete event data: ShareKey(EVENT_cailuhongbao), Param1(-1), Param2(-1), Timeout(2020-3-30)
[2026/07/21 04:57:06] Delete event data: ShareKey(EVENT_MIDAUT_2010), Param1(-1), Param2(-1), Timeout(2020-10-19)
[2026/07/21 04:57:06] Delete event data: ShareKey(EVENT_dayanqunxia), Param1(-1), Param2(-1), Timeout(2020-3-20)
[2026/07/21 04:57:06] Delete event data: ShareKey(FUNC_RANK_EQUIPVALUE), Param1(-1), Param2(-1), Timeout(2020-6-4)
[2026/07/21 04:57:06] Delete event data: ShareKey(EVENT_April_zhushuai), Param1(-1), Param2(-1), Timeout(2020-6-4)
[2026/07/21 04:57:06] Loading All Scripts....................
[2026/07/21 04:57:06] Load Rank FUNC_RANK_EQUIPVALUE
[2026/07/21 04:57:06] Load Stable Rank count 0
[2026/07/21 04:57:06] Load Dynamic Rank count 0
[2026/07/21 04:57:06] Load Rank FUNC_RANK_EQUIPVALUE end
[2026/07/21 04:57:06] 
All Scripts Have Been Loaded! Count = 88
[2026/07/21 04:57:06] root client[:0] create
[2026/07/21 04:57:08] start autotimer for Ping: 
[2026/07/21 04:57:08] TRIP_MODE: None
[2026/07/21 04:57:08] Loading World Setting...
[2026/07/21 04:57:08] Reset map pho ban thanh cong
[2026/07/21 04:57:08] gateway client create: 127.0.0.1
[2026/07/21 04:57:08] Load LeagueData: LeagueType: 4, Leagues: 7, Roles: 7
[2026/07/21 04:57:08] Load LeagueData: LeagueType: 500, Leagues: 7, Roles: 7
[2026/07/21 04:57:08] Load LeagueData: LeagueType: 502, Leagues: 19, Roles: 19
[2026/07/21 04:57:08] Load LeagueData: LeagueType: 10000, Leagues: 1, Roles: 0
[2026/07/21 04:57:08] ==========================================================================================
[2026/07/21 04:57:08]                            Khoi dong THONG BAO TIN TUC TU DONG
[2026/07/21 04:57:08] ==========================================================================================
[2026/07/21 04:57:08] ==========================================================================================
[2026/07/21 04:57:08]                 BAT DAU KHOI DONG CAC TINH NANG CUA GAME VO LAM TRUYEN KY
[2026/07/21 04:57:08] ==========================================================================================
[2026/07/21 04:57:08] ==========================================================================================
[2026/07/21 04:57:08]                            Ladder startup. . . 10.001 -> 10500
[2026/07/21 04:57:08] ==========================================================================================
[2026/07/21 04:57:08] ==========================================================================================
[2026/07/21 04:57:08]                                Khoi dong TU DONG TRO CHUYEN
[2026/07/21 04:57:08] ==========================================================================================
[2026/07/21 04:57:08] ==========================================================================================
[2026/07/21 04:57:08]                                    Phong Lang Do 5:45 
[2026/07/21 04:57:08] ==========================================================================================
[2026/07/21 04:57:08] ==========================================================================================
[2026/07/21 04:57:08]                        VUOT AI KHIEU CHIEN THOI GIAN BAT DAU 5:0
[2026/07/21 04:57:08]                       BANG XEP HANG <THACH THUC THOI GIAN> MOI NGAY
[2026/07/21 04:57:08] ==========================================================================================
[2026/07/21 04:57:08] ==========================================================================================
[2026/07/21 04:57:08]                       Chien Truong TONG KIM bat dau vao gio le 05:00
[2026/07/21 04:57:08] ==========================================================================================
[2026/07/21 04:57:08] ==========================================================================================
[2026/07/21 04:57:08]                      Khoi dong PHONG HOA LIEN THANH, bat dau luc 06:00
[2026/07/21 04:57:08] ==========================================================================================
[2026/07/21 04:57:08] Failed to init statdatamanager!
[2026/07/21 04:57:08] S3Relay -- S3Relay- Khoi dong hoan tat! 
[2026/07/21 04:57:08] 
*
***** S3Relay Start (@ 138664192/00/43200 00:-6946728:135861597.136280271) >>>>>
*


[2026/07/21 04:57:08] SockThread start success
[2026/07/21 04:57:08] ==========================================================================================
[2026/07/21 04:57:08] ====================== Xep Hang => Bat dau cap nhat 04:57 -> Start =======================
[2026/07/21 04:57:08] ==================== Xep Hang => Ket thuc cap nhat 04:57 -> Complete =====================
[2026/07/21 04:57:08] ==========================================================================================
[2026/07/21 04:57:08] Khoi dong lai bang Xep Hang
[2026/07/21 04:57:08] ==========================================================================================
[2026/07/21 04:57:08]  
[2026/07/21 04:57:08]                               VO LAM TRUYEN KY OFFLINE by MEL  
[2026/07/21 04:57:08]  
[2026/07/21 04:57:08] ==========================================================================================
[2026/07/21 04:57:13] ChatConnection create: 127.0.0.1
[2026/07/21 04:57:13] TongConnection create: 127.0.0.1
[2026/07/21 04:57:13] HostConnection create: 127.0.0.1
[2026/07/21 04:57:18] TongDataSendFinish: 127.0.0.1
[2026/07/21 04:57:18] GameServerLogin: 127.0.0.1
[2026/07/21 04:57:19] Assign Dynamic map(948,70155) for GS:0
[2026/07/21 04:57:19] GS:0 Total Dynamic map:1
[2026/07/21 04:57:19] GS:0 Total Static map:686
[2026/07/21 04:57:19] Assign Dynamic map(948,70156) for GS:0
[2026/07/21 04:57:19] GS:0 Total Dynamic map:2
[2026/07/21 04:57:19] GS:0 Total Static map:686
[2026/07/21 04:57:19] Assign Dynamic map(948,70157) for GS:0
[2026/07/21 04:57:19] GS:0 Total Dynamic map:3
[2026/07/21 04:57:19] GS:0 Total Static map:686
[2026/07/21 04:57:19] Assign Dynamic map(948,70158) for GS:0
[2026/07/21 04:57:19] GS:0 Total Dynamic map:4
[2026/07/21 04:57:19] GS:0 Total Static map:686
[2026/07/21 04:57:19] Assign Dynamic map(948,70159) for GS:0
[2026/07/21 04:57:19] GS:0 Total Dynamic map:5
[2026/07/21 04:57:19] GS:0 Total Static map:686
[2026/07/21 04:57:19] Assign Dynamic map(975,65536) for GS:0
[2026/07/21 04:57:19] GS:0 Total Dynamic map:6
[2026/07/21 04:57:19] GS:0 Total Static map:686
[2026/07/21 04:57:19] Assign Dynamic map(975,65537) for GS:0
[2026/07/21 04:57:19] GS:0 Total Dynamic map:7
[2026/07/21 04:57:19] GS:0 Total Static map:686
[2026/07/21 04:57:19] Assign Dynamic map(975,65538) for GS:0
[2026/07/21 04:57:19] GS:0 Total Dynamic map:8
[2026/07/21 04:57:19] GS:0 Total Static map:686
[2026/07/21 04:57:19] Assign Dynamic map(975,65539) for GS:0
[2026/07/21 04:57:19] GS:0 Total Dynamic map:9
[2026/07/21 04:57:19] GS:0 Total Static map:686
[2026/07/21 04:57:19] Assign Dynamic map(975,65540) for GS:0
[2026/07/21 04:57:19] GS:0 Total Dynamic map:10
[2026/07/21 04:57:19] GS:0 Total Static map:686
[2026/07/21 04:57:19] Assign Dynamic map(958,70160) for GS:0
[2026/07/21 04:57:19] GS:0 Total Dynamic map:11
[2026/07/21 04:57:19] GS:0 Total Static map:686
[2026/07/21 04:57:19] Assign Dynamic map(958,70161) for GS:0
[2026/07/21 04:57:19] GS:0 Total Dynamic map:12
[2026/07/21 04:57:19] GS:0 Total Static map:686
[2026/07/21 04:57:19] Assign Dynamic map(958,70162) for GS:0
[2026/07/21 04:57:19] GS:0 Total Dynamic map:13
[2026/07/21 04:57:19] GS:0 Total Static map:686
[2026/07/21 04:57:19] Assign Dynamic map(958,70163) for GS:0
[2026/07/21 04:57:19] GS:0 Total Dynamic map:14
[2026/07/21 04:57:19] GS:0 Total Static map:686
[2026/07/21 04:57:19] Assign Dynamic map(958,70164) for GS:0
[2026/07/21 04:57:19] GS:0 Total Dynamic map:15
[2026/07/21 04:57:19] GS:0 Total Static map:686
[2026/07/21 04:57:19] Assign Dynamic map(976,65541) for GS:0
[2026/07/21 04:57:19] GS:0 Total Dynamic map:16
[2026/07/21 04:57:19] GS:0 Total Static map:686
[2026/07/21 04:57:19] Assign Dynamic map(976,65542) for GS:0
[2026/07/21 04:5