[2026/07/21 03:23:51] Delete event data: ShareKey(EVENT_cailuhongbao), Param1(-1), Param2(-1), Timeout(2020-3-30)
[2026/07/21 03:23:51] Delete event data: ShareKey(EVENT_MIDAUT_2010), Param1(-1), Param2(-1), Timeout(2020-10-19)
[2026/07/21 03:23:51] Delete event data: ShareKey(EVENT_dayanqunxia), Param1(-1), Param2(-1), Timeout(2020-3-20)
[2026/07/21 03:23:51] Delete event data: ShareKey(FUNC_RANK_EQUIPVALUE), Param1(-1), Param2(-1), Timeout(2020-6-4)
[2026/07/21 03:23:51] Delete event data: ShareKey(EVENT_April_zhushuai), Param1(-1), Param2(-1), Timeout(2020-6-4)
[2026/07/21 03:23:51] Loading All Scripts....................
[2026/07/21 03:23:51] Load Rank FUNC_RANK_EQUIPVALUE
[2026/07/21 03:23:51] Load Stable Rank count 0
[2026/07/21 03:23:51] Load Dynamic Rank count 0
[2026/07/21 03:23:51] Load Rank FUNC_RANK_EQUIPVALUE end
[2026/07/21 03:23:51] 
All Scripts Have Been Loaded! Count = 88
[2026/07/21 03:23:51] root client[:0] create
[2026/07/21 03:23:53] start autotimer for Ping: 
[2026/07/21 03:23:53] TRIP_MODE: None
[2026/07/21 03:23:53] Loading World Setting...
[2026/07/21 03:23:53] Reset map pho ban thanh cong
[2026/07/21 03:23:53] gateway client create: 127.0.0.1
[2026/07/21 03:23:53] Load LeagueData: LeagueType: 4, Leagues: 7, Roles: 7
[2026/07/21 03:23:53] Load LeagueData: LeagueType: 500, Leagues: 7, Roles: 7
[2026/07/21 03:23:53] Load LeagueData: LeagueType: 502, Leagues: 19, Roles: 19
[2026/07/21 03:23:53] Load LeagueData: LeagueType: 10000, Leagues: 1, Roles: 0
[2026/07/21 03:23:53] ==========================================================================================
[2026/07/21 03:23:53]                            Khoi dong THONG BAO TIN TUC TU DONG
[2026/07/21 03:23:53] ==========================================================================================
[2026/07/21 03:23:53] ==========================================================================================
[2026/07/21 03:23:53]                 BAT DAU KHOI DONG CAC TINH NANG CUA GAME VO LAM TRUYEN KY
[2026/07/21 03:23:53] ==========================================================================================
[2026/07/21 03:23:53] ==========================================================================================
[2026/07/21 03:23:53]                            Ladder startup. . . 10.001 -> 10500
[2026/07/21 03:23:53] ==========================================================================================
[2026/07/21 03:23:53] ==========================================================================================
[2026/07/21 03:23:53]                                Khoi dong TU DONG TRO CHUYEN
[2026/07/21 03:23:53] ==========================================================================================
[2026/07/21 03:23:53] ==========================================================================================
[2026/07/21 03:23:53]                                    Phong Lang Do 3:45 
[2026/07/21 03:23:53] ==========================================================================================
[2026/07/21 03:23:53] ==========================================================================================
[2026/07/21 03:23:53]                        VUOT AI KHIEU CHIEN THOI GIAN BAT DAU 4:0
[2026/07/21 03:23:53]                       BANG XEP HANG <THACH THUC THOI GIAN> MOI NGAY
[2026/07/21 03:23:53] ==========================================================================================
[2026/07/21 03:23:53] ==========================================================================================
[2026/07/21 03:23:53]                       Chien Truong TONG KIM bat dau vao gio le 05:00
[2026/07/21 03:23:53] ==========================================================================================
[2026/07/21 03:23:53] ==========================================================================================
[2026/07/21 03:23:53]                      Khoi dong PHONG HOA LIEN THANH, bat dau luc 04:00
[2026/07/21 03:23:53] ==========================================================================================
[2026/07/21 03:23:53] Failed to init statdatamanager!
[2026/07/21 03:23:53] S3Relay -- S3Relay- Khoi dong hoan tat! 
[2026/07/21 03:23:53] 
*
***** S3Relay Start (@ 145430784/00/43200 00:-6416712:135861597.136280271) >>>>>
*


[2026/07/21 03:23:53] SockThread start success
[2026/07/21 03:23:53] ==========================================================================================
[2026/07/21 03:23:53] ====================== Xep Hang => Bat dau cap nhat 03:23 -> Start =======================
[2026/07/21 03:23:53] ==================== Xep Hang => Ket thuc cap nhat 03:23 -> Complete =====================
[2026/07/21 03:23:53] ==========================================================================================
[2026/07/21 03:23:53] Khoi dong lai bang Xep Hang
[2026/07/21 03:23:53] ==========================================================================================
[2026/07/21 03:23:53]  
[2026/07/21 03:23:53]                               VO LAM TRUYEN KY OFFLINE by MEL  
[2026/07/21 03:23:53]  
[2026/07/21 03:23:53] ==========================================================================================
[2026/07/21 03:24:01] HostConnection create: 127.0.0.1
[2026/07/21 03:24:01] TongConnection create: 127.0.0.1
[2026/07/21 03:24:01] ChatConnection create: 127.0.0.1
[2026/07/21 03:24:06] TongDataSendFinish: 127.0.0.1
[2026/07/21 03:24:06] GameServerLogin: 127.0.0.1
[2026/07/21 03:24:07] Assign Dynamic map(948,70120) for GS:0
[2026/07/21 03:24:07] GS:0 Total Dynamic map:1
[2026/07/21 03:24:07] GS:0 Total Static map:686
[2026/07/21 03:24:07] Assign Dynamic map(948,70121) for GS:0
[2026/07/21 03:24:07] GS:0 Total Dynamic map:2
[2026/07/21 03:24:07] GS:0 Total Static map:686
[2026/07/21 03:24:07] Assign Dynamic map(948,70122) for GS:0
[2026/07/21 03:24:07] GS:0 Total Dynamic map:3
[2026/07/21 03:24:07] GS:0 Total Static map:686
[2026/07/21 03:24:07] Assign Dynamic map(948,70123) for GS:0
[2026/07/21 03:24:07] GS:0 Total Dynamic map:4
[2026/07/21 03:24:07] GS:0 Total Static map:686
[2026/07/21 03:24:07] Assign Dynamic map(948,70124) for GS:0
[2026/07/21 03:24:07] GS:0 Total Dynamic map:5
[2026/07/21 03:24:07] GS:0 Total Static map:686
[2026/07/21 03:24:07] Assign Dynamic map(975,65536) for GS:0
[2026/07/21 03:24:07] GS:0 Total Dynamic map:6
[2026/07/21 03:24:07] GS:0 Total Static map:686
[2026/07/21 03:24:07] Assign Dynamic map(975,65537) for GS:0
[2026/07/21 03:24:07] GS:0 Total Dynamic map:7
[2026/07/21 03:24:07] GS:0 Total Static map:686
[2026/07/21 03:24:07] Assign Dynamic map(975,65538) for GS:0
[2026/07/21 03:24:07] GS:0 Total Dynamic map:8
[2026/07/21 03:24:07] GS:0 Total Static map:686
[2026/07/21 03:24:07] Assign Dynamic map(975,65539) for GS:0
[2026/07/21 03:24:07] GS:0 Total Dynamic map:9
[2026/07/21 03:24:07] GS:0 Total Static map:686
[2026/07/21 03:24:07] Assign Dynamic map(975,65540) for GS:0
[2026/07/21 03:24:07] GS:0 Total Dynamic map:10
[2026/07/21 03:24:07] GS:0 Total Static map:686
[2026/07/21 03:24:07] Assign Dynamic map(958,70125) for GS:0
[2026/07/21 03:24:07] GS:0 Total Dynamic map:11
[2026/07/21 03:24:07] GS:0 Total Static map:686
[2026/07/21 03:24:07] Assign Dynamic map(958,70126) for GS:0
[2026/07/21 03:24:07] GS:0 Total Dynamic map:12
[2026/07/21 03:24:07] GS:0 Total Static map:686
[2026/07/21 03:24:07] Assign Dynamic map(958,70127) for GS:0
[2026/07/21 03:24:07] GS:0 Total Dynamic map:13
[2026/07/21 03:24:07] GS:0 Total Static map:686
[2026/07/21 03:24:07] Assign Dynamic map(958,70128) for GS:0
[2026/07/21 03:24:07] GS:0 Total Dynamic map:14
[2026/07/21 03:24:07] GS:0 Total Static map:686
[2026/07/21 03:24:07] Assign Dynamic map(958,70129) for GS:0
[2026/07/21 03:24:07] GS:0 Total Dynamic map:15
[2026/07/21 03:24:07] GS:0 Total Static map:686
[2026/07/21 03:24:07] Assign Dynamic map(976,65541) for GS:0
[2026/07/21 03:24:07] GS:0 Total Dynamic map:16
[2026/07/21 03:24:07] GS:0 Total Static map:686
[2026/07/21 03:24:07] Assign Dynamic map(976,65542) for GS:0
[2026/07/21 03:24:07] GS:0 Total Dynamic map:17
[2026/07/21 03:24:07] GS:0 Total Static map:686
[2026/07/21 03:24:07] Assign Dynamic map(976,65543) for GS:0
[2026/07/21 03:24:07] GS:0 Total Dynamic map:18
[2026/07/21 03:24:07] GS:0 Total Static map:686
[2026/07/21 03:24:07] Assign Dynamic map(976,65544) for GS:0
[2026/07/21 03:24:07] GS:0 Total Dynamic map:19
[2026/07/21 03:24:07] GS:0 Total Static map:686
[2026/07/21 03:24:07] Assign Dynamic map(976,65545) for GS:0
[2026/07/21 03:24:07] GS:0 Total Dynamic map:20
[2026/07/21 03:24:07] GS:0 Total Static map:686
[2026/07/21 03:39:21] HostConnection close: 127.0.0.1
[2026/07/21 03:39:21] TongConnection close: 127.0.0.1
[2026/07/21 03:39:21] ChatConnection close: 127.0.0.1
[2026/07/21 03:39:31] HostConnection create: 127.0.0.1
[2026/07/21 03:39:31] TongConnection create: 127.0.0.1
[2026/07/21 03:39:31] ChatConnection create: 127.0.0.1
[2026/07/21 03:39:36] TongDataSendFinish: 127.0.0.1
[2026/07/21 03:39:36] GameServerLogin: 127.0.0.1
[2026/07/21 03:39:37] Assign Dynamic map(975,65546) for GS:0
[2026/07/21 03:39:37] GS:0 Total Dynamic map:21
[2026/07/21 03:39:37] GS:0 Total Static map:686
[2026/07/21 03:39:37] Assign Dynamic map(975,65547) for GS:0
[2026/07/21 03:39:37] GS:0 Total Dynamic map:22
[2026/07/21 03:39:37] GS:0 Total Static map:686
[2026/07/21 03:39:37] Assign Dynamic map(975,65548) for GS:0
[2026/07/21 03:39:37] GS:0 Total Dynamic map:23
[2026/07/21 03:39:37] GS:0 Total Static map:686
[2026/07/21 03:39:37] Assign Dynamic map(975,65549) for GS:0
[2026/07/21 03:39:37] GS:0 Total Dynamic map:24
[2026/07/21 03:39:37] GS:0 Total Static map:686
[2026/07/21 03:39:37] Assign Dynamic map(975,65550) for GS:0
[2026/07/21 03:39:37] GS:0 Total Dynamic map:25
[2026/07/21 03:39:37] GS:0 Total Static map:686
[2026/07/21 03:39:37] Assign Dynamic map(958,70130) for GS:0
[2026/07/21 03:39:37] GS:0 Total Dynamic map:26
[2026/07/21 03:39:37] GS:0 Total Static map:686
[2026/07/21 03:39:37] Assign Dynamic map(958,70131) for GS:0
[2026/07/21 03:39:37] GS:0 Total Dynamic map:27
[2026/07/21 03:39:37] GS:0 Total Static map:686
[2026/07/21 03:39:37] Assign Dynamic map(958,70132) for GS:0
[2026/07/21 03:39:37] GS:0 Total Dynamic map:28
[2026/07/21 03:39:37] GS:0 Total Static map:686
[2026/07/21 03:39:37] Assign Dynamic map(958,70133) for GS:0
[2026/07/21 03:39:37] GS:0 Total Dynamic map:29
[2026/07/21 03:39:37] GS:0 Total Static map:686
[2026/07/21 03:39:37] Assign Dynamic map(958,70134) for GS:0
[2026/07/21 03:39:37] GS:0 Total Dynamic map:30
[2026/07/21 03:39:37] GS:0 Total Static map:686
[2026/07/21 03:39:37] Assign Dynamic map(976,65551) for GS:0
[2026/07/21 03:39:37] GS:0 Total Dynamic map:31
[2026/07/21 03:39:37] GS:0 Total Static map:686
[2026/07/21 03:39:37] Assign Dynamic map(976,65552) for GS:0
[2026/07/21 03:39:37] GS:0 Total Dynamic map:32
[2026/07/21 03:39:37] GS:0 Total Static map:686
[2026/07/21 03:39:37] Assign Dynamic map(976,65553) for GS:0
[2026/07/21 03:39:37] GS:0 Total Dynamic map:33
[2026/07/21 03:39:37] GS:0 Total Static map:686
[2026/07/21 03:39:37] Assign Dynamic map(976,65554) for GS:0
[2026/07/21 03:39:37] GS:0 Total Dynamic map:34
[2026/07/21 03:39:37] GS:0 Total Static map:686
[2026/07/21 03:39:37] Assign Dynamic map(976,65555) for GS:0
[2026/07/21 03:39:37] GS:0 Total Dynamic map:35
[2026/07/21 03:39:37] GS:0 Total Static map:686
[2026/07/21 03:43:01] HostConnection close: 127.0.0.1
[2026/07/21 03:43:01] TongConnection close: 127.0.0.1
[2026/07/21 03:43:01] ChatConnection close: 127.0.0.1
[2026/07/21 03:43:05] ChatConnection create: 127.0.0.1
[2026/07/21 03:43:05] HostConnection create: 127.0.0.1
[2026/07/21 03:43:05] TongConnection create: 127.0.0.1
[2026/07/21 03:43:09] TongDataSendFinish: 127.0.0.1
[2026/07/21 03:43:09] GameServerLogin: 127.0.0.1
[2026/07/21 03:43:09] Assign Dynamic map(975,65556) for GS:0
[2026/07/21 03:43:09] GS:0 Total Dynamic map:36
[2026/07/21 03:43:09] GS:0 Total Static map:686
[2026/07/21 03:43:09] Assign Dynamic map(975,65557) for GS:0
[2026/07/21 03:43:09] GS:0 Total Dynamic map:37
[2026/07/21 03:43:09] GS:0 Total Static map:686
[2026/07/21 03:43:09] Assign Dynamic map(975,65558) for GS:0
[2026/07/21 03:43:09] GS:0 Total Dynamic map:38
[2026/07/21 03:43:09] GS:0 Total Static map:686
[2026/07/21 03:43:09] Assign Dynamic map(975,65559) for GS:0
[2026/07/21 03:43:09] GS:0 Total Dynamic map:39
[2026/07/21 03:43:09] GS:0 Total Static map:686
[2026/07/21 03:43:09] Assign Dynamic map(975,65560) for GS:0
[2026/07/21 03:43:09] GS:0 Total Dynamic map:40
[2026/07/21 03:43:09] GS:0 Total Static map:686
[2026/07/21 03:43:09] Assign Dynamic map(958,70135) for GS:0
[2026/07/21 03:43:09] GS:0 Total Dynamic map:41
[2026/07/21 03:43:09] GS:0 Total Static map:686
[2026/07/21 03:43:09] Assign Dynamic map(958,70136) for GS:0
[2026/07/21 03:43:09] GS:0 Total Dynamic map:42
[2026/07/21 03:43:09] GS:0 Total Static map:686
[2026/07/21 03:43:09] Assign Dynamic map(958,70137) for GS:0
[2026/07/21 03:43:09] GS:0 Total Dynamic map:43
[2026/07/21 03:43:09] GS:0 Total Static map:686
[2026/07/21 03:43:09] Assign Dynamic map(958,70138) for GS:0
[2026/07/21 03:43:09] GS:0 Total Dynamic map:44
[2026/07/21 03:43:09] GS:0 Total Static map:686
[2026/07/21 03:43:09] Assign Dynamic map(958,70139) for GS:0
[2026/07/21 03:43:09] GS:0 Total Dynamic map:45
[2026/07/21 03:43:09] GS:0 Total Static map:686
[2026/07/21 03:43:09] Assign Dynamic map(976,65561) for GS:0
[2026/07/21 03:43:09] GS:0 Total Dynamic map:46
[2026/07/21 03:43:09] GS:0 Total Static map:686
[2026/07/21 03:43:09] Assign Dynamic map(976,65562) for GS:0
[2026/07/21 03:43:09] GS:0 Total Dynamic map:47
[2026/07/21 03:43:09] GS:0 Total Static map:686
[2026/07/21 03:43:09] Assign Dynamic map(976,65563) for GS:0
[2026/07/21 03:43:09] GS:0 Total Dynamic map:48
[2026/07/21 03:43:09] GS:0 Total Static map:686
[2026/07/21 03:43:09] Assign Dynamic map(976,65564) for GS:0
[2026/07/21 03:43:09] GS:0 Total Dynamic map:49
[2026/07/21 03:43:09] GS:0 Total Static map:686
[2026/07/21 03:43:09] Assign Dynamic map(976,65565) for GS:0
[2026/07/21 03:43:09] GS:0 Total Dynamic map:50
[2026/07/21 03:43:09] GS:0 Total Static map:686
[2026/07/21 03:45:53] Khoi Dong Phong Lang Do
[2026/07/21 04:00:53] VUOT AI KHIEU CHIEN THOI GIAN DANG GHI DANH
[2026/07/21 04:00:53] ==========================================================================================
[2026/07/21 04:00:53]                         PHONG HOA LIEN THANH - bat dau luc 12:00
[2026/07/21 04:00:53] ==========================================================================================
[2026/07/21 04:12:21] HostConnection close: 127.0.0.1
[2026/07/21 04:12:21] TongConnection close: 127.0.0.1
[2026/07/21 04:12:21] ChatConnection close: 127.0.0.1
[2026/07/21 04:12:32] HostConnection create: 127.0.0.1
[2026/07/21 04:12:32] TongConnection create: 127.0.0.1
[2026/07/21 04:12:32] ChatConnection create: 127.0.0.1
[2026/07/21 04:12:37] TongDataSendFinish: 127.0.0.1
[2026/07/21 04:12:37] GameServerLogin: 127.0.0.1
[2026/07/21 04:12:38] Assign Dynamic map(975,65566) for GS:0
[2026/07/21 04:12:38] GS:0 Total Dynamic map:51
[2026/07/21 04:12:38] GS:0 Total Static map:686
[2026/07/21 04:12:38] Assign Dynamic map(975,65567) for GS:0
[2026/07/21 04:12:38] GS:0 Total Dynamic map:52
[2026/07/21 04:12:38] GS:0 Total Static map:686
[2026/07/21 04:12:38] Assign Dynamic map(975,65568) for GS:0
[2026/07/21 04:12:38] GS:0 Total Dynamic map:53
[2026/07/21 04:12:38] GS:0 Total Static map:686
[2026/07/21 04:12:38] Assign Dynamic map(975,65569) for GS:0
[2026/07/21 04:12:38] GS:0 Total Dynamic map:54
[2026/07/21 04:12:38] GS:0 Total Static map:686
[2026/07/21 04:12:38] Assign Dynamic map(975,65570) for GS:0
[2026/07/21 04:12:38] GS:0 Total Dynamic map:55
[2026/07/21 04:12:38] GS:0 Total Static map:686
[2026/07/21 04:12:38] Assign Dynamic map(976,65571) for GS:0
[2026/07/21 04:12:38] GS:0 Total Dynamic map:56
[2026/07/21 04:12:38] GS:0 Total Static map:686
[2026/07/21 04:12:38] Assign Dynamic map(976,65572) for GS:0
[2026/07/21 04:12:38] GS:0 Total Dynamic map:57
[2026/07/21 04:12:38] GS:0 Total Static map:686
[2026/07/21 04:12:38] Assign Dynamic map(976,65573) for GS:0
[2026/07/21 04:12:38] GS:0 Total Dynamic map:58
[2026/07/21 04:12:38] GS:0 Total Static map:686
[2026/07/21 04:12:38] Assign Dynamic map(976,65574) for GS:0
[2026/07/21 04:12:38] GS:0 Total Dynamic map:59
[2026/07/21 04:12:38] GS:0 Total Static map:686
[2026/07/21 04:12:38] Assign Dynamic map(976,65575) for GS:0
[2026/07/21 04:12:38] GS:0 Total Dynamic map:60
[2026/07/21 04:12:38] GS:0 Total Static map:686
[2026/07/21 04:12:38] Release Dynamic map(70125) for GS:0
[2026/07/21 04:12:38] GS:0 Total Dynamic map:59
[2026/07/21 04:12:38] GS:0 Total Static map:686
[2026/07/21 04:12:38] Release Dynamic map(70126) for GS:0
[2026/07/21 04:12:38] GS:0 Total Dynamic map:58
[2026/07/21 04:12:38] GS:0 Total Static map:686
[2026/07/21 04:12:38] Release Dynamic map(70127) for GS:0
[2026/07/21 04:12:38] GS:0 Total Dynamic map:57
[2026/07/21 04:12:38] GS:0 Total Static map:686
[2026/07/21 04:12:38] Release Dynamic map(70128) for GS:0
[2026/07/21 04:12:38] GS:0 Total Dynamic map:56
[2026/07/21 04:12:38] GS:0 Total Static map:686
[2026/07/21 04:12:38] Release Dynamic map(70129) for GS:0
[2026/07/21 04:12:38] GS:0 Total Dynamic map:55
[2026/07/21 04:12:38] GS:0 Total Static map:686
[2026/07/21 04:12:38] Release Dynamic map(70130) for GS:0
[2026/07/21 04:12:38] GS:0 Total Dynamic map:54
[2026/07/21 04:12:38] GS:0 Total Static map:686
[2026/07/21 04:12:38] Release Dynamic map(70131) for GS:0
[2026/07/21 04:12:38] GS:0 Total Dynamic map:53
[2026/07/21 04:12:38] GS:0 Total Static map:686
[2026/07/21 04:12:38] Release Dynamic map(70132) for GS:0
[2026/07/21 04:12:38] GS:0 Total Dynamic map:52
[2026/07/21 04:12:38] GS:0 Total Static map:686
[2026/07/21 04:12:38] Release Dynamic map(70133) for GS:0
[2026/07/21 04:12:38] GS:0 Total Dynamic map:51
[2026/07/21 04:12:38] GS:0 Total Static map:686
[2026/07/21 04:19:02] TongConnection close: 127.0.0.1
[2026/07/21 04:19:02] HostConnection close: 127.0.0.1
[2026/07/21 04:19:02] ChatConnection close: 127.0.0.1
[2026/07/21 04:19:09] ChatConnection create: 127.0.0.1
[2026/07/21 04:19:09] TongConnection create: 127.0.0.1
[2026/07/21 04:19:09] HostConnection create: 127.0.0.1
[2026/07/21 04:19:12] TongDataSendFinish: 127.0.0.1
[2026/07/21 04:19:12] GameServerLogin: 127.0.0.1
[2026/07/21 04:19:13] Assign Dynamic map(975,65576) for GS:0
[2026/07/21 04:19:13] GS:0 Total Dynamic map:52
[2026/07/21 04:19:13] GS:0 Total Static map:686
[2026/07/21 04:19:13] Assign Dynamic map(975,65577) for GS:0
[2026/07/21 04:19:13] GS:0 Total Dynamic map:53
[2026/07/21 04:19:13] GS:0 Total Static map:686
[2026/07/21 04:19:13] Assign Dynamic map(975,65578) for GS:0
[2026/07/21 04:19:13] GS:0 Total Dynamic map:54
[2026/07/21 04:19:13] GS:0 Total Static map:686
[2026/07/21 04:19:13] Assign Dynamic map(975,65579) for GS:0
[2026/07/21 04:19:13] GS:0 Total Dynamic map:55
[2026/07/21 04:19:13] GS:0 Total Static map:686
[2026/07/21 04:19:13] Assign Dynamic map(975,65580) for GS:0
[2026/07/21 04:19:13] GS:0 Total Dynamic map:56
[2026/07/21 04:19:13] GS:0 Total Static map:686
[2026/07/21 04:19:13] Assign Dynamic map(958,70140) for GS:0
[2026/07/21 04:19:13] GS:0 Total Dynamic map:57
[2026/07/21 04:19:13] GS:0 Total Static map:686
[2026/07/21 04:19:13] Assign Dynamic map(958,70141) for GS:0
[2026/07/21 04:19:13] GS:0 Total Dynamic map:58
[2026/07/21 04:19:13] GS:0 Total Static map:686
[2026/07/21 04:19:13] Assign Dynamic map(958,70142) for GS:0
[2026/07/21 04:19:13] GS:0 Total Dynamic map:59
[2026/07/21 04:19:13] GS:0 Total Static map:686
[2026/07/21 04:19:13] Assign Dynamic map(958,70143) for GS:0
[2026/07/21 04:19:13] GS:0 Total Dynamic map:60
[2026/07/21 04:19:13] GS:0 Total Static map:686
[2026/07/21 04:19:13] Assign Dynamic map(958,70144) for GS:0
[2026/07/21 04:19:13] GS:0 Total Dynamic map:61
[2026/07/21 04:19:13] GS:0 Total Static map:686
[2026/07/21 04:19:13] Assign Dynamic map(976,65581) for GS:0
[2026/07/21 04:19:13] GS:0 Total Dynamic map:62
[2026/07/21 04:19:13] GS:0 T