[2026/07/21 04:33:36] Delete event data: ShareKey(EVENT_cailuhongbao), Param1(-1), Param2(-1), Timeout(2020-3-30)
[2026/07/21 04:33:36] Delete event data: ShareKey(EVENT_MIDAUT_2010), Param1(-1), Param2(-1), Timeout(2020-10-19)
[2026/07/21 04:33:36] Delete event data: ShareKey(EVENT_dayanqunxia), Param1(-1), Param2(-1), Timeout(2020-3-20)
[2026/07/21 04:33:36] Delete event data: ShareKey(FUNC_RANK_EQUIPVALUE), Param1(-1), Param2(-1), Timeout(2020-6-4)
[2026/07/21 04:33:36] Delete event data: ShareKey(EVENT_April_zhushuai), Param1(-1), Param2(-1), Timeout(2020-6-4)
[2026/07/21 04:33:36] Loading All Scripts....................
[2026/07/21 04:33:36] Load Rank FUNC_RANK_EQUIPVALUE
[2026/07/21 04:33:36] Load Stable Rank count 0
[2026/07/21 04:33:36] Load Dynamic Rank count 0
[2026/07/21 04:33:36] Load Rank FUNC_RANK_EQUIPVALUE end
[2026/07/21 04:33:36] 
All Scripts Have Been Loaded! Count = 88
[2026/07/21 04:33:36] root client[:0] create
[2026/07/21 04:33:38] start autotimer for Ping: 
[2026/07/21 04:33:38] TRIP_MODE: None
[2026/07/21 04:33:38] Loading World Setting...
[2026/07/21 04:33:38] Reset map pho ban thanh cong
[2026/07/21 04:33:38] gateway client create: 127.0.0.1
[2026/07/21 04:33:38] Load LeagueData: LeagueType: 4, Leagues: 7, Roles: 7
[2026/07/21 04:33:38] Load LeagueData: LeagueType: 500, Leagues: 7, Roles: 7
[2026/07/21 04:33:38] Load LeagueData: LeagueType: 502, Leagues: 19, Roles: 19
[2026/07/21 04:33:38] Load LeagueData: LeagueType: 10000, Leagues: 1, Roles: 0
[2026/07/21 04:33:38] ==========================================================================================
[2026/07/21 04:33:38]                            Khoi dong THONG BAO TIN TUC TU DONG
[2026/07/21 04:33:38] ==========================================================================================
[2026/07/21 04:33:38] ==========================================================================================
[2026/07/21 04:33:38]                 BAT DAU KHOI DONG CAC TINH NANG CUA GAME VO LAM TRUYEN KY
[2026/07/21 04:33:38] ==========================================================================================
[2026/07/21 04:33:38] ==========================================================================================
[2026/07/21 04:33:38]                            Ladder startup. . . 10.001 -> 10500
[2026/07/21 04:33:38] ==========================================================================================
[2026/07/21 04:33:38] ==========================================================================================
[2026/07/21 04:33:38]                                Khoi dong TU DONG TRO CHUYEN
[2026/07/21 04:33:38] ==========================================================================================
[2026/07/21 04:33:38] ==========================================================================================
[2026/07/21 04:33:38]                                    Phong Lang Do 4:45 
[2026/07/21 04:33:38] ==========================================================================================
[2026/07/21 04:33:38] ==========================================================================================
[2026/07/21 04:33:38]                        VUOT AI KHIEU CHIEN THOI GIAN BAT DAU 5:0
[2026/07/21 04:33:38]                       BANG XEP HANG <THACH THUC THOI GIAN> MOI NGAY
[2026/07/21 04:33:38] ==========================================================================================
[2026/07/21 04:33:38] ==========================================================================================
[2026/07/21 04:33:38]                       Chien Truong TONG KIM bat dau vao gio le 05:00
[2026/07/21 04:33:38] ==========================================================================================
[2026/07/21 04:33:38] ==========================================================================================
[2026/07/21 04:33:38]                      Khoi dong PHONG HOA LIEN THANH, bat dau luc 06:00
[2026/07/21 04:33:38] ==========================================================================================
[2026/07/21 04:33:38] Failed to init statdatamanager!
[2026/07/21 04:33:38] SockThread start success
[2026/07/21 04:33:38] S3Relay -- S3Relay- Khoi dong hoan tat! 
[2026/07/21 04:33:38] 
*
***** S3Relay Start (@ 165607680/00/43200 00:-5105128:135861597.136280271) >>>>>
*


[2026/07/21 04:33:38] ==========================================================================================
[2026/07/21 04:33:38] ====================== Xep Hang => Bat dau cap nhat 04:33 -> Start =======================
[2026/07/21 04:33:38] ==================== Xep Hang => Ket thuc cap nhat 04:33 -> Complete =====================
[2026/07/21 04:33:38] ==========================================================================================
[2026/07/21 04:33:38] Khoi dong lai bang Xep Hang
[2026/07/21 04:33:38] ==========================================================================================
[2026/07/21 04:33:38]  
[2026/07/21 04:33:38]                               VO LAM TRUYEN KY OFFLINE by MEL  
[2026/07/21 04:33:38]  
[2026/07/21 04:33:38] ==========================================================================================
[2026/07/21 04:33:44] ChatConnection create: 127.0.0.1
[2026/07/21 04:33:44] TongConnection create: 127.0.0.1
[2026/07/21 04:33:44] HostConnection create: 127.0.0.1
[2026/07/21 04:33:49] TongDataSendFinish: 127.0.0.1
[2026/07/21 04:33:49] GameServerLogin: 127.0.0.1
[2026/07/21 04:33:49] Assign Dynamic map(948,70145) for GS:0
[2026/07/21 04:33:49] GS:0 Total Dynamic map:1
[2026/07/21 04:33:49] GS:0 Total Static map:686
[2026/07/21 04:33:49] Assign Dynamic map(948,70146) for GS:0
[2026/07/21 04:33:49] GS:0 Total Dynamic map:2
[2026/07/21 04:33:49] GS:0 Total Static map:686
[2026/07/21 04:33:49] Assign Dynamic map(948,70147) for GS:0
[2026/07/21 04:33:49] GS:0 Total Dynamic map:3
[2026/07/21 04:33:49] GS:0 Total Static map:686
[2026/07/21 04:33:49] Assign Dynamic map(948,70148) for GS:0
[2026/07/21 04:33:49] GS:0 Total Dynamic map:4
[2026/07/21 04:33:49] GS:0 Total Static map:686
[2026/07/21 04:33:49] Assign Dynamic map(948,70149) for GS:0
[2026/07/21 04:33:49] GS:0 Total Dynamic map:5
[2026/07/21 04:33:49] GS:0 Total Static map:686
[2026/07/21 04:33:49] Assign Dynamic map(975,65536) for GS:0
[2026/07/21 04:33:49] GS:0 Total Dynamic map:6
[2026/07/21 04:33:49] GS:0 Total Static map:686
[2026/07/21 04:33:49] Assign Dynamic map(975,65537) for GS:0
[2026/07/21 04:33:49] GS:0 Total Dynamic map:7
[2026/07/21 04:33:49] GS:0 Total Static map:686
[2026/07/21 04:33:49] Assign Dynamic map(975,65538) for GS:0
[2026/07/21 04:33:49] GS:0 Total Dynamic map:8
[2026/07/21 04:33:49] GS:0 Total Static map:686
[2026/07/21 04:33:49] Assign Dynamic map(975,65539) for GS:0
[2026/07/21 04:33:49] GS:0 Total Dynamic map:9
[2026/07/21 04:33:49] GS:0 Total Static map:686
[2026/07/21 04:33:49] Assign Dynamic map(975,65540) for GS:0
[2026/07/21 04:33:49] GS:0 Total Dynamic map:10
[2026/07/21 04:33:49] GS:0 Total Static map:686
[2026/07/21 04:33:49] Assign Dynamic map(958,70150) for GS:0
[2026/07/21 04:33:49] GS:0 Total Dynamic map:11
[2026/07/21 04:33:49] GS:0 Total Static map:686
[2026/07/21 04:33:49] Assign Dynamic map(958,70151) for GS:0
[2026/07/21 04:33:49] GS:0 Total Dynamic map:12
[2026/07/21 04:33:49] GS:0 Total Static map:686
[2026/07/21 04:33:49] Assign Dynamic map(958,70152) for GS:0
[2026/07/21 04:33:49] GS:0 Total Dynamic map:13
[2026/07/21 04:33:49] GS:0 Total Static map:686
[2026/07/21 04:33:49] Assign Dynamic map(958,70153) for GS:0
[2026/07/21 04:33:49] GS:0 Total Dynamic map:14
[2026/07/21 04:33:49] GS:0 Total Static map:686
[2026/07/21 04:33:49] Assign Dynamic map(958,70154) for GS:0
[2026/07/21 04:33:49] GS:0 Total Dynamic map:15
[2026/07/21 04:33:49] GS:0 Total Static map:686
[2026/07/21 04:33:49] Assign Dynamic map(976,65541) for GS:0
[2026/07/21 04:33:49] GS:0 Total Dynamic map:16
[2026/07/21 04:33:49] GS:0 Total Static map:686
[2026/07/21 04:33:49] Assign Dynamic map(976,65542) for GS:0
[2026/07/21 04:3