[2026/07/21 05:10:21] Delete event data: ShareKey(EVENT_cailuhongbao), Param1(-1), Param2(-1), Timeout(2020-3-30)
[2026/07/21 05:10:21] Delete event data: ShareKey(EVENT_MIDAUT_2010), Param1(-1), Param2(-1), Timeout(2020-10-19)
[2026/07/21 05:10:21] Delete event data: ShareKey(EVENT_dayanqunxia), Param1(-1), Param2(-1), Timeout(2020-3-20)
[2026/07/21 05:10:21] Delete event data: ShareKey(FUNC_RANK_EQUIPVALUE), Param1(-1), Param2(-1), Timeout(2020-6-4)
[2026/07/21 05:10:21] Delete event data: ShareKey(EVENT_April_zhushuai), Param1(-1), Param2(-1), Timeout(2020-6-4)
[2026/07/21 05:10:21] Loading All Scripts....................
[2026/07/21 05:10:21] Load Rank FUNC_RANK_EQUIPVALUE
[2026/07/21 05:10:21] Load Stable Rank count 0
[2026/07/21 05:10:21] Load Dynamic Rank count 0
[2026/07/21 05:10:21] Load Rank FUNC_RANK_EQUIPVALUE end
[2026/07/21 05:10:22] 
All Scripts Have Been Loaded! Count = 88
[2026/07/21 05:10:22] root client[:0] create
[2026/07/21 05:10:24] start autotimer for Ping: 
[2026/07/21 05:10:24] gateway client create: 127.0.0.1
[2026/07/21 05:10:24] TRIP_MODE: None
[2026/07/21 05:10:24] Loading World Setting...
[2026/07/21 05:10:24] Reset map pho ban thanh cong
[2026/07/21 05:10:24] Load LeagueData: LeagueType: 4, Leagues: 7, Roles: 7
[2026/07/21 05:10:24] Load LeagueData: LeagueType: 500, Leagues: 7, Roles: 7
[2026/07/21 05:10:24] Load LeagueData: LeagueType: 502, Leagues: 19, Roles: 19
[2026/07/21 05:10:24] Load LeagueData: LeagueType: 10000, Leagues: 1, Roles: 0
[2026/07/21 05:10:24] ==========================================================================================
[2026/07/21 05:10:24]                            Khoi dong THONG BAO TIN TUC TU DONG
[2026/07/21 05:10:24] ==========================================================================================
[2026/07/21 05:10:24] ==========================================================================================
[2026/07/21 05:10:24]                 BAT DAU KHOI DONG CAC TINH NANG CUA GAME VO LAM TRUYEN KY
[2026/07/21 05:10:24] ==========================================================================================
[2026/07/21 05:10:24] ==========================================================================================
[2026/07/21 05:10:24]                            Ladder startup. . . 10.001 -> 10500
[2026/07/21 05:10:24] ==========================================================================================
[2026/07/21 05:10:24] ==========================================================================================
[2026/07/21 05:10:24]                                Khoi dong TU DONG TRO CHUYEN
[2026/07/21 05:10:24] ==========================================================================================
[2026/07/21 05:10:24] ==========================================================================================
[2026/07/21 05:10:24]                                    Phong Lang Do 5:45 
[2026/07/21 05:10:24] ==========================================================================================
[2026/07/21 05:10:24] ==========================================================================================
[2026/07/21 05:10:24]                        VUOT AI KHIEU CHIEN THOI GIAN BAT DAU 6:0
[2026/07/21 05:10:24]                       BANG XEP HANG <THACH THUC THOI GIAN> MOI NGAY
[2026/07/21 05:10:24] ==========================================================================================
[2026/07/21 05:10:24] ==========================================================================================
[2026/07/21 05:10:24]                       Chien Truong TONG KIM bat dau vao gio le 07:00
[2026/07/21 05:10:24] ==========================================================================================
[2026/07/21 05:10:24] ==========================================================================================
[2026/07/21 05:10:24]                      Khoi dong PHONG HOA LIEN THANH, bat dau luc 06:00
[2026/07/21 05:10:24] ===================================================