2026-07-29 02:14:58	Add long(HoaThan)
2026-07-29 02:14:58	long(HoaThan) sync data from bishop
2026-07-29 02:14:58	long(HoaThan) login
2026-07-29 02:16:54	Add huyvq(111111)
2026-07-29 02:16:54	huyvq(111111) sync data from bishop
2026-07-29 02:16:54	huyvq(111111) login
2026-07-29 02:19:26	[ShutdownClient]	Close connection[2] for request.
2026-07-29 02:19:26	huyvq(111111) logout
2026-07-29 02:19:26	Del huyvq(111111): quit
2026-07-29 03:03:12	long(HoaThan) logout
2026-07-29 03:03:12	Del long(HoaThan): quit
2026-07-29 03:27:00	Add huyvq(111111)
2026-07-29 03:27:00	huyvq(111111) sync data from bishop
2026-07-29 03:27:00	huyvq(111111) login
2026-07-29 03:27:07	huyvq(111111) logout
2026-07-29 03:27:07	Del huyvq(111111): quit
2026-07-29 11:14:58	Add huy1(KhoDamTest)
2026-07-29 11:14:58	huy1(KhoDamTest) sync data from bishop
2026-07-29 11:14:58	huy1(KhoDamTest) login
2026-07-29 11:17:58	[ShutdownClient]	Close connection[1] for request.
2026-07-29 11:17:58	huy1(KhoDamTest) logout
2026-07-29 11:17:58	Del huy1(KhoDamTest): quit
2026-07-29 12:43:44	Add long(HoaThan)
2026-07-29 12:43:44	long(HoaThan) sync data from bishop
2026-07-29 12:43:44	long(HoaThan) login
2026-07-29 13:00:21	[ShutdownClient]	Close connection[1] for request.
2026-07-29 13:00:21	long(HoaThan) logout
2026-07-29 13:00:21	Del long(HoaThan): quit
2026-07-29 13:03:10	Add long(HoaThan)
2026-07-29 13:03:10	long(HoaThan) sync data from bishop
2026-07-29 13:03:10	long(HoaThan) login
2026-07-29 13:04:16	long(HoaThan) logout
2026-07-29 13:04:16	Del long(HoaThan): quit
