2026-07-28 14:45:00	Add long(HoaThan)
2026-07-28 14:45:00	long(HoaThan) sync data from bishop
2026-07-28 14:45:00	long(HoaThan) login
2026-07-28 14:55:06	Add long(HoaThan)
2026-07-28 14:55:06	long(HoaThan) sync data from bishop
2026-07-28 14:55:06	long(HoaThan) login
2026-07-28 14:56:00	[ShutdownClient]	Close connection[1] for request.
2026-07-28 14:56:00	long(HoaThan) logout
2026-07-28 14:56:00	Del long(HoaThan): quit
2026-07-28 15:16:09	Add long(HoaThan)
2026-07-28 15:16:09	long(HoaThan) sync data from bishop
2026-07-28 15:16:09	long(HoaThan) login
2026-07-28 15:16:13	[ShutdownClient]	Close connection[1] for request.
2026-07-28 15:16:13	long(HoaThan) logout
2026-07-28 15:16:13	Del long(HoaThan): quit
2026-07-28 15:16:32	Add long(HoaThan)
2026-07-28 15:16:32	long(HoaThan) sync data from bishop
2026-07-28 15:16:32	long(HoaThan) login
2026-07-28 15:18:29	[ShutdownClient]	Close connection[1] for request.
2026-07-28 15:18:29	long(HoaThan) logout
2026-07-28 15:18:29	Del long(HoaThan): quit
